Archive member included to satisfy reference by file (symbol)

../../mAbassi/Platform/lib\lib_mAbassi_EVAL_GCC_AR5_CY5.a(mAbassi_EVAL_A9_GCC_2_NR.o)
                              Shell.o (TSKgetID)
../../mAbassi/Platform/lib\lib_mAbassi_EVAL_GCC_AR5_CY5.a(mAbassi_EVAL_GCC_AR5_CY5_NR.o)
                              (__cs3_interrupt_vector_arm)
../../mAbassi/Platform/lib\lib_mAbassi_EVAL_GCC_AR5_CY5.a(ARMv7_SMP_L1_L2_GCC_AR5_CY5.o)
                              ../../mAbassi/Platform/lib\lib_mAbassi_EVAL_GCC_AR5_CY5.a(mAbassi_EVAL_GCC_AR5_CY5_NR.o) (COREcacheON)
c:/intelfpga/18.1/embedded/host_tools/mentor/gnu/arm/baremetal/bin/../lib/gcc/arm-altera-eabi/6.2.0/../../../../arm-altera-eabi/lib\libcs3.a(start_c.o)
                              (__cs3_start_c)
c:/intelfpga/18.1/embedded/host_tools/mentor/gnu/arm/baremetal/bin/../lib/gcc/arm-altera-eabi/6.2.0/../../../../arm-altera-eabi/lib\libcs3.a(cycloneV-dk-reset-ram.o)
                              (__cs3_reset_cycloneV_dk_ram)
c:/intelfpga/18.1/embedded/host_tools/mentor/gnu/arm/baremetal/bin/../lib/gcc/arm-altera-eabi/6.2.0/../../../../arm-altera-eabi/lib\libcs3unhosted.a(unhosted-start.o)
                              ../../mAbassi/Platform/lib\lib_mAbassi_EVAL_GCC_AR5_CY5.a(mAbassi_EVAL_GCC_AR5_CY5_NR.o) (_start)
c:/intelfpga/18.1/embedded/host_tools/mentor/gnu/arm/baremetal/bin/../lib/gcc/arm-altera-eabi/6.2.0/../../../../arm-altera-eabi/lib\libcs3arm.a(arm_isr_interrupt.o)
                              (__cs3_isr_reserved)
c:/intelfpga/18.1/embedded/host_tools/mentor/gnu/arm/baremetal/bin/../lib/gcc/arm-altera-eabi/6.2.0\libgcc.a(_udivsi3.o)
                              MyApp_MTL2.o (__aeabi_uidiv)
c:/intelfpga/18.1/embedded/host_tools/mentor/gnu/arm/baremetal/bin/../lib/gcc/arm-altera-eabi/6.2.0\libgcc.a(_divsi3.o)
                              arm_pl330.o (__aeabi_idiv)
c:/intelfpga/18.1/embedded/host_tools/mentor/gnu/arm/baremetal/bin/../lib/gcc/arm-altera-eabi/6.2.0\libgcc.a(_dvmd_tls.o)
                              c:/intelfpga/18.1/embedded/host_tools/mentor/gnu/arm/baremetal/bin/../lib/gcc/arm-altera-eabi/6.2.0\libgcc.a(_udivsi3.o) (__aeabi_idiv0)
c:/intelfpga/18.1/embedded/host_tools/mentor/gnu/arm/baremetal/bin/../lib/gcc/arm-altera-eabi/6.2.0\libgcc.a(_aeabi_ldivmod.o)
                              Media_FatFS.o (__aeabi_ldivmod)
c:/intelfpga/18.1/embedded/host_tools/mentor/gnu/arm/baremetal/bin/../lib/gcc/arm-altera-eabi/6.2.0\libgcc.a(_aeabi_uldivmod.o)
                              ff.o (__aeabi_uldivmod)
c:/intelfpga/18.1/embedded/host_tools/mentor/gnu/arm/baremetal/bin/../lib/gcc/arm-altera-eabi/6.2.0\libgcc.a(_udivmoddi4.o)
                              c:/intelfpga/18.1/embedded/host_tools/mentor/gnu/arm/baremetal/bin/../lib/gcc/arm-altera-eabi/6.2.0\libgcc.a(_aeabi_ldivmod.o) (__udivmoddi4)
c:/intelfpga/18.1/embedded/host_tools/mentor/gnu/arm/baremetal/bin/../lib/gcc/arm-altera-eabi/6.2.0\libgcc.a(_clzdi2.o)
                              c:/intelfpga/18.1/embedded/host_tools/mentor/gnu/arm/baremetal/bin/../lib/gcc/arm-altera-eabi/6.2.0\libgcc.a(_udivmoddi4.o) (__clzdi2)
c:/intelfpga/18.1/embedded/host_tools/mentor/gnu/arm/baremetal/bin/../lib/gcc/arm-altera-eabi/6.2.0\libgcc.a(_clzsi2.o)
                              c:/intelfpga/18.1/embedded/host_tools/mentor/gnu/arm/baremetal/bin/../lib/gcc/arm-altera-eabi/6.2.0\libgcc.a(_clzdi2.o) (__clzsi2)
c:/intelfpga/18.1/embedded/host_tools/mentor/gnu/arm/baremetal/bin/../lib/gcc/arm-altera-eabi/6.2.0/../../../../arm-altera-eabi/lib\libc.a(lib_a-calloc.o)
                              queue.o (calloc)
c:/intelfpga/18.1/embedded/host_tools/mentor/gnu/arm/baremetal/bin/../lib/gcc/arm-altera-eabi/6.2.0/../../../../arm-altera-eabi/lib\libc.a(lib_a-callocr.o)
                              c:/intelfpga/18.1/embedded/host_tools/mentor/gnu/arm/baremetal/bin/../lib/gcc/arm-altera-eabi/6.2.0/../../../../arm-altera-eabi/lib\libc.a(lib_a-calloc.o) (_calloc_r)
c:/intelfpga/18.1/embedded/host_tools/mentor/gnu/arm/baremetal/bin/../lib/gcc/arm-altera-eabi/6.2.0/../../../../arm-altera-eabi/lib\libc.a(lib_a-errno.o)
                              SysCall_CY5.o (__errno)
c:/intelfpga/18.1/embedded/host_tools/mentor/gnu/arm/baremetal/bin/../lib/gcc/arm-altera-eabi/6.2.0/../../../../arm-altera-eabi/lib\libc.a(lib_a-exit.o)
                              MyApp_MTL2.o (exit)
c:/intelfpga/18.1/embedded/host_tools/mentor/gnu/arm/baremetal/bin/../lib/gcc/arm-altera-eabi/6.2.0/../../../../arm-altera-eabi/lib\libc.a(lib_a-fclose.o)
                              MyApp_MTL2.o (fclose)
c:/intelfpga/18.1/embedded/host_tools/mentor/gnu/arm/baremetal/bin/../lib/gcc/arm-altera-eabi/6.2.0/../../../../arm-altera-eabi/lib\libc.a(lib_a-fflush.o)
                              c:/intelfpga/18.1/embedded/host_tools/mentor/gnu/arm/baremetal/bin/../lib/gcc/arm-altera-eabi/6.2.0/../../../../arm-altera-eabi/lib\libc.a(lib_a-fclose.o) (__sflush_r)
[...]
Memory Configuration

Name             Origin             Length             Attributes
boot_rom         0xfffd0000         0x00010000         xr
oc_ram           0xffff0000         0x00010000         xrw
ram              0x00100040         0x3fefffc0         xrw
*default*        0x00000000         0xffffffff

Linker script and memory map

LOAD c:/intelfpga/18.1/embedded/host_tools/mentor/gnu/arm/baremetal/bin/../lib/gcc/arm-altera-eabi/6.2.0/crti.o
LOAD c:/intelfpga/18.1/embedded/host_tools/mentor/gnu/arm/baremetal/bin/../lib/gcc/arm-altera-eabi/6.2.0/crtbegin.o
LOAD Main_mAbassi.o
LOAD MyApp_MTL2.o
LOAD TIMERinit.o
LOAD alt_gpio.o
LOAD arm_acp.o
LOAD arm_pl330.o
LOAD dw_i2c.o
LOAD dw_uart.o
LOAD MediaIF.o
LOAD SysCall_CY5.o
LOAD dw_sdmmc.o
LOAD ff.o
LOAD ffunicode.o
LOAD Abassi_FatFS.o
LOAD Media_FatFS.o
LOAD SysCall_FatFS.o
LOAD tahomabold_20.o
LOAD tahomabold_32.o
LOAD geometry.o
LOAD gesture.o
LOAD gui_vpg.o
LOAD gui.o
LOAD vip_fr.o
LOAD simple_graphics.o
LOAD simple_text.o
LOAD debug.o
LOAD I2C_core.o
LOAD I2C.o
LOAD multi_touch2.o
LOAD queue.o
LOAD alt_generalpurpose_io.o
LOAD alt_globaltmr.o
LOAD alt_clock_manager.o
LOAD mAbassiCfgA9.o
LOAD Shell.o
LOAD SubShell.o
LOAD ../../mAbassi/Platform/lib\lib_mAbassi_EVAL_GCC_AR5_CY5.a
LOAD c:/intelfpga/18.1/embedded/host_tools/mentor/gnu/arm/baremetal/bin/../lib/gcc/arm-altera-eabi/6.2.0/../../../../arm-altera-eabi/lib\libcs3.a
LOAD c:/intelfpga/18.1/embedded/host_tools/mentor/gnu/arm/baremetal/bin/../lib/gcc/arm-altera-eabi/6.2.0/../../../../arm-altera-eabi/lib\libcs3unhosted.a
LOAD c:/intelfpga/18.1/embedded/host_tools/mentor/gnu/arm/baremetal/bin/../lib/gcc/arm-altera-eabi/6.2.0/../../../../arm-altera-eabi/lib\libcs3arm.a
LOAD c:/intelfpga/18.1/embedded/host_tools/mentor/gnu/arm/baremetal/bin/../lib/gcc/arm-altera-eabi/6.2.0\libgcc.a
LOAD c:/intelfpga/18.1/embedded/host_tools/mentor/gnu/arm/baremetal/bin/../lib/gcc/arm-altera-eabi/6.2.0/../../../../arm-altera-eabi/lib\libc.a
LOAD c:/intelfpga/18.1/embedded/host_tools/mentor/gnu/arm/baremetal/bin/../lib/gcc/arm-altera-eabi/6.2.0/../../../../arm-altera-eabi/lib\libstdc++.a
LOAD c:/intelfpga/18.1/embedded/host_tools/mentor/gnu/arm/baremetal/bin/../lib/gcc/arm-altera-eabi/6.2.0/../../../../arm-altera-eabi/lib\libm.a
START GROUP
LOAD c:/intelfpga/18.1/embedded/host_tools/mentor/gnu/arm/baremetal/bin/../lib/gcc/arm-altera-eabi/6.2.0\libgcc.a
LOAD c:/intelfpga/18.1/embedded/host_tools/mentor/gnu/arm/baremetal/bin/../lib/gcc/arm-altera-eabi/6.2.0/../../../../arm-altera-eabi/lib\libc.a
END GROUP
LOAD c:/intelfpga/18.1/embedded/host_tools/mentor/gnu/arm/baremetal/bin/../lib/gcc/arm-altera-eabi/6.2.0/crtend.o
LOAD c:/intelfpga/18.1/embedded/host_tools/mentor/gnu/arm/baremetal/bin/../lib/gcc/arm-altera-eabi/6.2.0/crtn.o
                0x10000000                _MDRV_SIZE = DEFINED (_MDRV_SIZE)?_MDRV_SIZE:0x10000000
START GROUP
LOAD c:/intelfpga/18.1/embedded/host_tools/mentor/gnu/arm/baremetal/bin/../lib/gcc/arm-altera-eabi/6.2.0\libgcc.a
LOAD c:/intelfpga/18.1/embedded/host_tools/mentor/gnu/arm/baremetal/bin/../lib/gcc/arm-altera-eabi/6.2.0/../../../../arm-altera-eabi/lib\libc.a
LOAD c:/intelfpga/18.1/embedded/host_tools/mentor/gnu/arm/baremetal/bin/../lib/gcc/arm-altera-eabi/6.2.0/../../../../arm-altera-eabi/lib\libcs3.a
LOAD c:/intelfpga/18.1/embedded/host_tools/mentor/gnu/arm/baremetal/bin/../lib/gcc/arm-altera-eabi/6.2.0/../../../../arm-altera-eabi/lib\libcs3unhosted.a
LOAD c:/intelfpga/18.1/embedded/host_tools/mentor/gnu/arm/baremetal/bin/../lib/gcc/arm-altera-eabi/6.2.0/../../../../arm-altera-eabi/lib\libcs3arm.a
END GROUP
                0x00188078                PROVIDE (__cs3_heap_start, _end)
                0x40000000                PROVIDE (__cs3_heap_end, (__cs3_region_start_ram + __cs3_region_size_ram))
                0x00000002                PROVIDE (__cs3_region_num, ((__cs3_regions_end - __cs3_regions) / 0x14))
                0x40000000                PROVIDE (__cs3_stack, (__cs3_region_start_ram + __cs3_region_size_ram))

.text           0x00100040    0x459a8
 CREATE_OBJECT_SYMBOLS
                0x00100040                __cs3_region_start_ram = .
                0x00100040                _ftext = .
 *(.cs3.region-head.ram)
                0x00000001                ASSERT ((. == __cs3_region_start_ram), .cs3.region-head.ram not permitted)
                0x00100040                __cs3_interrupt_vector = __cs3_interrupt_vector_arm
 *(.cs3.interrupt_vector)
 .cs3.interrupt_vector
                0x00100040       0x3c ../../mAbassi/Platform/lib\lib_mAbassi_EVAL_GCC_AR5_CY5.a(mAbassi_EVAL_GCC_AR5_CY5_NR.o)
                0x00100040                Vectors
                0x00100040                __cs3_interrupt_vector_arm
                0x00100040                _vector_table
                0x00000001                ASSERT ((. != __cs3_interrupt_vector_arm), No interrupt vector)
                0x0010007c                PROVIDE (__cs3_reset, __cs3_reset_cycloneV_dk_ram)
 *(.cs3.reset)
 .cs3.reset     0x0010007c        0x4 c:/intelfpga/18.1/embedded/host_tools/mentor/gnu/arm/baremetal/bin/../lib/gcc/arm-altera-eabi/6.2.0/../../../../arm-altera-eabi/lib\libcs3.a(cycloneV-dk-reset-ram.o)
                0x0010007c                __cs3_reset_cycloneV_dk_ram
                [0x00100114]                _start = DEFINED (__cs3_start_asm)?__cs3_start_asm:_start
 *(.text.cs3.init)
 .text.cs3.init
                0x00100080       0x94 c:/intelfpga/18.1/embedded/host_tools/mentor/gnu/arm/baremetal/bin/../lib/gcc/arm-altera-eabi/6.2.0/../../../../arm-altera-eabi/lib\libcs3.a(start_c.o)
                0x00100080                __cs3_start_c
 .text.cs3.init
                0x00100114        0xc c:/intelfpga/18.1/embedded/host_tools/mentor/gnu/arm/baremetal/bin/../lib/gcc/arm-altera-eabi/6.2.0/../../../../arm-altera-eabi/lib\libcs3unhosted.a(unhosted-start.o)
 *(.text .text.* .gnu.linkonce.t.*)
 .text          0x00100120      0x108 c:/intelfpga/18.1/embedded/host_tools/mentor/gnu/arm/baremetal/bin/../lib/gcc/arm-altera-eabi/6.2.0/crtbegin.o
 .text.startup.main
                0x00100228      0x3a4 Main_mAbassi.o
                0x00100228                main
 .text.TIMcallBack
                0x001005cc        0x4 Main_mAbassi.o
                0x001005cc                TIMcallBack
 .text.spi_CallbackInterrupt
                0x001005d0      0x2d4 MyApp_MTL2.o
                0x001005d0                spi_CallbackInterrupt
 .text.mtc2_CallbackInterrupt
                0x001008a4       0x3c MyApp_MTL2.o
                0x001008a4                mtc2_CallbackInterrupt
 .text.spi_Nios_CallbackInterrupt
                0x001008e0       0xc0 MyApp_MTL2.o
                0x001008e0                spi_Nios_CallbackInterrupt
 .text.unlikely.die
                0x001009a0       0x28 MyApp_MTL2.o
 .text.button_CallbackInterrupt
                0x001009c8       0xb0 MyApp_MTL2.o
                0x001009c8                button_CallbackInterrupt
 .text.Task_DMA
                0x00100a78      0x2f0 MyApp_MTL2.o
                0x00100a78                Task_DMA
 .text.Task_State
                0x00100d68      0x28c MyApp_MTL2.o
                0x00100d68                Task_State
 .text.delay_us
                0x00100ff4       0x90 MyApp_MTL2.o
                0x00100ff4                delay_us
 .text.Task_FPGA_Button
                0x00101084       0x5c MyApp_MTL2.o
                0x00101084                Task_FPGA_Button
 .text.Task_SPI
                0x001010e0       0xd4 MyApp_MTL2.o
                0x001010e0                Task_SPI
 .text.setup_hps_gpio
                0x001011b4       0x78 MyApp_MTL2.o
                0x001011b4                setup_hps_gpio
 .text.Task_HPS_Led
                0x0010122c      0x1a8 MyApp_MTL2.o
                0x0010122c                Task_HPS_Led
 .text.cmd_ls   0x001013d4      0x2f0 MyApp_MTL2.o
                0x001013d4                cmd_ls
 .text.Task_MTL2
                0x001016c4      0x218 MyApp_MTL2.o
                0x001016c4                Task_MTL2
 .text.ImageRead
                0x001018dc      0x248 MyApp_MTL2.o
                0x001018dc                ImageRead
 .text.AddImage
                0x00101b24      0x10c MyApp_MTL2.o
                0x00101b24                AddImage
 .text.AddFullImage
                0x00101c30       0xe8 MyApp_MTL2.o
                0x00101c30                AddFullImage
 .text.Task_DisplayFile
                0x00101d18     0x1198 MyApp_MTL2.o
                0x00101d18                Task_DisplayFile
 .text.TIMERinit
                0x00102eb0       0x28 TIMERinit.o
                0x00102eb0                TIMERinit
 .text.gpio_init
                0x00102ed8       0x54 alt_gpio.o
                0x00102ed8                gpio_init
 .text.DMAasm   0x00102f2c      0x288 arm_pl330.o
 .text.dma_start_X.constprop.9
                0x001031b4      0x1e0 arm_pl330.o
 .text.dma_cleanup.part.0.constprop.10
                0x00103394      0x528 arm_pl330.o
 .text.dma_kill_X
                0x001038bc      0x270 arm_pl330.o
 .text.dma_done
                0x00103b2c      0x124 arm_pl330.o
                0x00103b2c                dma_done
 .text.dma_kill
                0x00103c50       0x2c arm_pl330.o
                0x00103c50                dma_kill
 .text.dma_start
                0x00103c7c      0x1ac arm_pl330.o
                0x00103c7c                dma_start
 .text.dma_wait
                0x00103e28      0x45c arm_pl330.o
                0x00103e28                dma_wait
 .text.dma_xfer
                0x00104284     0x1c64 arm_pl330.o
                0x00104284                dma_xfer
 .text.dma_init
                0x00105ee8      0x340 arm_pl330.o
                0x00105ee8                dma_init
 .text.DMAintHndl_0
                0x00106228      0x140 arm_pl330.o
                0x00106228                DMAintHndl_0
 .text.DMAintHndl_1
                0x00106368      0x148 arm_pl330.o
                0x00106368                DMAintHndl_1
 .text.DMAintHndl_2
                0x001064b0      0x148 arm_pl330.o
                0x001064b0                DMAintHndl_2
 .text.DMAintHndl_3
                0x001065f8      0x14c arm_pl330.o
                0x001065f8                DMAintHndl_3
 .text.DMAintHndl_4
                0x00106744      0x148 arm_pl330.o
                0x00106744                DMAintHndl_4
 .text.DMAintHndl_5
                0x0010688c      0x14c arm_pl330.o
                0x0010688c                DMAintHndl_5
 .text.DMAintHndl_6
                0x001069d8      0x148 arm_pl330.o
                0x001069d8                DMAintHndl_6
 .text.DMAintHndl_7
                0x00106b20      0x14c arm_pl330.o
                0x00106b20                DMAintHndl_7
 .text.i2c_init
                0x00106c6c      0x598 dw_i2c.o
                0x00106c6c                i2c_init
 .text.i2c_send
                0x00107204      0x7b4 dw_i2c.o
                0x00107204                i2c_send
 .text.i2c_recv
                0x001079b8      0xae0 dw_i2c.o
                0x001079b8                i2c_recv
 .text.uart_send
                0x00108498      0x8a8 dw_uart.o
                0x00108498                uart_send
 .text.uart_recv
                0x00108d40      0x794 dw_uart.o
                0x00108d40                uart_recv
 .text.uart_filt
                0x001094d4       0x90 dw_uart.o
                0x001094d4                uart_filt
 .text.uart_init
                0x00109564      0x3f4 dw_uart.o
                0x00109564                uart_init
 .text.UARTintHndl_0
                0x00109958      0x1a0 dw_uart.o
                0x00109958                UARTintHndl_0
 .text.UARTintHndl_1
                0x00109af8      0x1a0 dw_uart.o
                0x00109af8                UARTintHndl_1
 .text.MEDIAstatus
                0x00109c98       0x50 MediaIF.o
                0x00109c98                MEDIAstatus
 .text.MEDIAinit
                0x00109ce8       0xe0 MediaIF.o
                0x00109ce8                MEDIAinit
 .text.MEDIAread
                0x00109dc8      0x1cc MediaIF.o
                0x00109dc8                MEDIAread
 .text.MEDIAwrite
                0x00109f94      0x1b0 MediaIF.o
                0x00109f94                MEDIAwrite
 .text.MEDIAsize
                0x0010a144       0x64 MediaIF.o
                0x0010a144                MEDIAsize
 .text.MEDIAblksize
                0x0010a1a8       0x50 MediaIF.o
                0x0010a1a8                MEDIAblksize
 .text.MEDIAsectsz
                0x0010a1f8       0x48 MediaIF.o
                0x0010a1f8                MEDIAsectsz
 .text.MEDIAinfo
                0x0010a240       0x2c MediaIF.o
                0x0010a240                MEDIAinfo
 .text.mmc_sendcmd.constprop.5
                0x0010a26c      0x3f0 dw_sdmmc.o
 .text.SDprepData.isra.1.constprop.6
                0x0010a65c      0x16c dw_sdmmc.o
 .text.mmc_sendcmd.constprop.3
                0x0010a7c8      0x48c dw_sdmmc.o
 .text.mmc_sendcmd.constprop.2
                0x0010ac54      0x48c dw_sdmmc.o
 .text.mmc_sendstatus
                0x0010b0e0      0x38c dw_sdmmc.o
                0x0010b0e0                mmc_sendstatus
 .text.mmc_read
                0x0010b46c      0x384 dw_sdmmc.o
                0x0010b46c                mmc_read
 .text.mmc_write
                0x0010b7f0      0x378 dw_sdmmc.o
                0x0010b7f0                mmc_write
 .text.mmc_init
                0x0010bb68     0x13d0 dw_sdmmc.o
                0x0010bb68                mmc_init
 .text.mmc_blklen
                0x0010cf38       0x10 dw_sdmmc.o
                0x0010cf38                mmc_blklen
 .text.mmc_capacity
                0x0010cf48       0x10 dw_sdmmc.o
                0x0010cf48                mmc_capacity
 .text.MMCintHndl_0
                0x0010cf58       0xa8 dw_sdmmc.o
                0x0010cf58                MMCintHndl_0
 .text.init_alloc_info.isra.5
                0x0010d000       0xd0 ff.o
 .text.get_fileinfo
                0x0010d0d0      0x554 ff.o
 .text.move_window
                0x0010d624       0xbc ff.o
 .text.get_fat  0x0010d6e0      0x274 ff.o
 .text.dir_next.constprop.16
                0x0010d954      0x124 ff.o
 .text.sync_fs  0x0010da78      0x16c ff.o
 .text.dir_clear
                0x0010dbe4      0x1bc ff.o
 .text.check_fs
                0x0010dda0      0x18c ff.o
 .text.find_volume
                0x0010df2c      0x964 ff.o
 .text.load_xdir
                0x0010e890      0x354 ff.o
 .text.dir_read.constprop.15
                0x0010ebe4      0x72c ff.o
 .text.put_fat.part.9
                0x0010f310      0x444 ff.o
 .text.create_chain
                0x0010f754      0x850 ff.o
 .text.remove_chain
                0x0010ffa4      0x778 ff.o
 .text.dir_sdi  0x0011071c      0x564 ff.o
 .text.dir_alloc
                0x00110c80      0x2fc ff.o
 .text.store_xdir
                0x00110f7c      0x318 ff.o
 .text.dir_find
                0x00111294      0x68c ff.o
 .text.dir_register
                0x00111920      0xec0 ff.o
 .text.follow_path
                0x001127e0      0x73c ff.o
 .text.f_mount  0x00112f1c      0x1b4 ff.o
                0x00112f1c                f_mount
 .text.f_open   0x001130d0      0xa94 ff.o
                0x001130d0                f_open
 .text.f_read   0x00113b64      0x730 ff.o
                0x00113b64                f_read
 .text.f_write  0x00114294      0x784 ff.o
                0x00114294                f_write
 .text.f_sync   0x00114a18      0x4a8 ff.o
                0x00114a18                f_sync
 .text.f_close  0x00114ec0      0x5f4 ff.o
                0x00114ec0                f_close
 .text.f_lseek  0x001154b4      0x550 ff.o
                0x001154b4                f_lseek
 .text.f_opendir
                0x00115a04      0x454 ff.o
                0x00115a04                f_opendir
 .text.f_closedir
                0x00115e58      0x10c ff.o
                0x00115e58                f_closedir
 .text.f_readdir
                0x00115f64      0x150 ff.o
                0x00115f64                f_readdir
 .text.f_stat   0x001160b4       0xe8 ff.o
                0x001160b4                f_stat
 .text.f_truncate
                0x0011619c      0x20c ff.o
                0x0011619c                f_truncate
 .text.f_chmod  0x001163a8      0x14c ff.o
                0x001163a8                f_chmod
 .text.ff_uni2oem
                0x001164f4       0x68 ffunicode.o
                0x001164f4                ff_uni2oem
 .text.ff_oem2uni
                0x0011655c       0x3c ffunicode.o
                0x0011655c                ff_oem2uni
 .text.ff_wtoupper
                0x00116598      0x134 ffunicode.o
                0x00116598                ff_wtoupper
 .text.ff_cre_syncobj
                0x001166cc       0xc0 Abassi_FatFS.o
                0x001166cc                ff_cre_syncobj
 .text.ff_del_syncobj
                0x0011678c       0x14 Abassi_FatFS.o
                0x0011678c                ff_del_syncobj
 .text.ff_req_grant
                0x001167a0       0x20 Abassi_FatFS.o
                0x001167a0                ff_req_grant
 .text.ff_rel_grant
                0x001167c0       0x10 Abassi_FatFS.o
                0x001167c0                ff_rel_grant
 .text.ff_memalloc
                0x001167d0       0x50 Abassi_FatFS.o
                0x001167d0                ff_memalloc
 .text.ff_memfree
                0x00116820       0x4c Abassi_FatFS.o
                0x00116820                ff_memfree
 .text.disk_status
                0x0011686c       0x24 Media_FatFS.o
                0x0011686c                disk_status
 .text.disk_initialize
                0x00116890       0x20 Media_FatFS.o
                0x00116890                disk_initialize
 .text.disk_read
                0x001168b0       0x38 Media_FatFS.o
                0x001168b0                disk_read
 .text.disk_write
                0x001168e8       0x38 Media_FatFS.o
                0x001168e8                disk_write
 .text.media_info_FatFS
                0x00116920        0x4 Media_FatFS.o
                0x00116920                media_info_FatFS
 .text.disk_ioctl
                0x00116924       0xbc Media_FatFS.o
                0x00116924                disk_ioctl
 .text.LogPath  0x001169e0      0x2f4 SysCall_FatFS.o
 .text.RealPath
                0x00116cd4      0x220 SysCall_FatFS.o
 .text.SysCallInit
                0x00116ef4       0xbc SysCall_FatFS.o
                0x00116ef4                SysCallInit
 .text._open_r  0x00116fb0      0x57c SysCall_FatFS.o
                0x00116fb0                _open_r
 .text._read_r  0x0011752c      0x2d8 SysCall_FatFS.o
                0x0011752c                _read_r
 .text._write_r
                0x00117804      0x240 SysCall_FatFS.o
                0x00117804                _write_r
 .text._lseek_r
                0x00117a44      0x144 SysCall_FatFS.o
                0x00117a44                _lseek_r
 .text.getcwd   0x00117b88      0x230 SysCall_FatFS.o
                0x00117b88                getcwd
 .text._stat_r  0x00117db8      0x610 SysCall_FatFS.o
                0x00117db8                _stat_r
 .text._fstat_r
                0x001183c8       0xbc SysCall_FatFS.o
                0x001183c8                _fstat_r
 .text.chmod    0x00118484      0x278 SysCall_FatFS.o
                0x00118484                chmod
 .text._close_r
                0x001186fc      0x144 SysCall_FatFS.o
                0x001186fc                _close_r
 .text.mount    0x00118840      0x314 SysCall_FatFS.o
                0x00118840                mount
 *fill*         0x00118b54        0x4 
 .text.opendir  0x00118b58      0x44c SysCall_FatFS.o
                0x00118b58                opendir
 .text.closedir
                0x00118fa4       0x78 SysCall_FatFS.o
                0x00118fa4                closedir
 .text.readdir  0x0011901c      0x270 SysCall_FatFS.o
                0x0011901c                readdir
 .text._isatty_r
                0x0011928c       0x44 SysCall_FatFS.o
                0x0011928c                _isatty_r
 .text.GetKey   0x001192d0       0x3c SysCall_FatFS.o
                0x001192d0                GetKey
 .text.media_info
                0x0011930c        0x4 SysCall_FatFS.o
                0x0011930c                media_info
 .text.IsPtInRect
                0x00119310       0x48 geometry.o
                0x00119310                IsPtInRect
 .text.PtSet    0x00119358        0x8 geometry.o
                0x00119358                PtSet
 .text.RectSet  0x00119360        0xc geometry.o
                0x00119360                RectSet
 .text.RectInflate
                0x0011936c       0x34 geometry.o
                0x0011936c                RectInflate
 .text.RectOffset
                0x001193a0       0x34 geometry.o
                0x001193a0                RectOffset
 .text.RectCopy
                0x001193d4       0x28 geometry.o
                0x001193d4                RectCopy
 .text.GUI_DeskInit
                0x001193fc      0x1ac gui.o
                0x001193fc                GUI_DeskInit
 .text.GUI      0x001195a8      0x2dc gui.o
                0x001195a8                GUI
 .text.VIPFR_Init
                0x00119884       0x98 vip_fr.o
                0x00119884                VIPFR_Init
 .text.VIPFR_Go
                0x0011991c        0xc vip_fr.o
                0x0011991c                VIPFR_Go
 .text.VIPFR_GetDrawFrame
                0x00119928       0x1c vip_fr.o
                0x00119928                VIPFR_GetDrawFrame
 .text.VIPFR_ActiveDrawFrame
                0x00119944       0x1c vip_fr.o
                0x00119944                VIPFR_ActiveDrawFrame
 .text.vid_paint_block
                0x00119960      0x5a4 simple_graphics.o
                0x00119960                vid_paint_block
 .text.vid_clean_screen
                0x00119f04       0x30 simple_graphics.o
                0x00119f04                vid_clean_screen
 .text.vid_draw_horiz_line
                0x00119f34      0x5d0 simple_graphics.o
                0x00119f34                vid_draw_horiz_line
 .text.vid_round_corner_points.constprop.1
                0x0011a504      0x5b8 simple_graphics.o
 .text.vid_draw_circle
                0x0011aabc      0xf10 simple_graphics.o
                0x0011aabc                vid_draw_circle
 .text.oc_i2c_init
                0x0011b9cc       0x68 I2C_core.o
                0x0011b9cc                oc_i2c_init
 .text.OC_I2C_Read
                0x0011ba34      0x1c0 I2C_core.o
                0x0011ba34                OC_I2C_Read
 .text.mtc2_QueryData
                0x0011bbf4      0x1fc multi_touch2.o
                0x0011bbf4                mtc2_QueryData
 .text.MTC2_Init
                0x0011bdf0       0x3c multi_touch2.o
                0x0011bdf0                MTC2_Init
 .text.MTC2_GetStatus
                0x0011be2c       0xc0 multi_touch2.o
                0x0011be2c                MTC2_GetStatus
 .text.QUEUE_New
                0x0011beec       0x20 queue.o
                0x0011beec                QUEUE_New
 .text.QUEUE_IsEmpty
                0x0011bf0c       0x18 queue.o
                0x0011bf0c                QUEUE_IsEmpty
 .text.QUEUE_IsFull
                0x0011bf24       0x2c queue.o
                0x0011bf24                QUEUE_IsFull
 .text.QUEUE_Push
                0x0011bf50       0x38 queue.o
                0x0011bf50                QUEUE_Push
 .text.QUEUE_Pop
                0x0011bf88       0x38 queue.o
                0x0011bf88                QUEUE_Pop
 .text.alt_gpio_init
                0x0011bfc0       0x28 alt_generalpurpose_io.o
                0x0011bfc0                alt_gpio_init
 .text.alt_gpio_port_data_write
                0x0011bfe8       0x70 alt_generalpurpose_io.o
                0x0011bfe8                alt_gpio_port_data_write
 .text.alt_gpio_group_config
                0x0011c058      0x41c alt_generalpurpose_io.o
                0x0011c058                alt_gpio_group_config
 .text.alt_gpio_bit_to_pid
                0x0011c474       0x30 alt_generalpurpose_io.o
                0x0011c474                alt_gpio_bit_to_pid
 .text.alt_gpio_bit_to_port_pin
                0x0011c4a4       0x30 alt_generalpurpose_io.o
                0x0011c4a4                alt_gpio_bit_to_port_pin
 .text.alt_globaltmr_init
                0x0011c4d4       0x3c alt_globaltmr.o
                0x0011c4d4                alt_globaltmr_init
 .text.alt_globaltmr_start
                0x0011c510       0x18 alt_globaltmr.o
                0x0011c510                alt_globaltmr_start
 .text.alt_globaltmr_get64
                0x0011c528       0x6c alt_globaltmr.o
                0x0011c528                alt_globaltmr_get64
 .text.alt_globaltmr_prescaler_get
                0x0011c594       0x10 alt_globaltmr.o
                0x0011c594                alt_globaltmr_prescaler_get
 .text.alt_clk_pll_vco_freq_get.constprop.4
                0x0011c5a4       0xa8 alt_clock_manager.o
 .text.alt_clk_pll_vco_freq_get
                0x0011c64c      0x2a0 alt_clock_manager.o
                0x0011c64c                alt_clk_pll_vco_freq_get
 .text.alt_clk_divider_get
                0x0011c8ec      0x480 alt_clock_manager.o
                0x0011c8ec                alt_clk_divider_get
 .text.alt_clk_freq_get
                0x0011cd6c     0x1e38 alt_clock_manager.o
                0x0011cd6c                alt_clk_freq_get
 .text.PrtResult
                0x0011eba4      0x298 Shell.o
 .text.CmdLog   0x0011ee3c       0x18 Shell.o
 .text.CmdEdit  0x0011ee54       0x88 Shell.o
 .text.CmdMblk  0x0011eedc      0x160 Shell.o
 .text.CmdGrp   0x0011f03c      0x864 Shell.o
 .text.CmdSys   0x0011f8a0      0x5dc Shell.o
 .text.CmdHelp  0x0011fe7c      0x2d0 Shell.o
 .text.CmdEvt   0x0012014c      0x208 Shell.o
 .text.CmdMtx   0x00120354     0x1100 Shell.o
 .text.CmdSem   0x00121454     0x1190 Shell.o
 .text.CmdMbx   0x001225e4     0x15d0 Shell.o
 .text.CmdTim   0x00123bb4     0x1d28 Shell.o
 .text.CmdTask  0x001258dc     0x246c Shell.o
 .text.OSshell  0x00127d48      0xf70 Shell.o
                0x00127d48                OSshell
 .text.ShellGets
                0x00128cb8      0x2a0 Shell.o
                0x00128cb8                ShellGets
 .text.CmdMem   0x00128f58      0x530 Shell.o
 .text.TSKcreate.constprop.0
                0x00129488       0xf0 ../../mAbassi/Platform/lib\lib_mAbassi_EVAL_GCC_AR5_CY5.a(mAbassi_EVAL_A9_GCC_2_NR.o)
 .text.TSKgetID
                0x00129578       0x60 ../../mAbassi/Platform/lib\lib_mAbassi_EVAL_GCC_AR5_CY5.a(mAbassi_EVAL_A9_GCC_2_NR.o)
                0x00129578                TSKgetID
 .text.TSKstkChk
                0x001295d8       0x60 ../../mAbassi/Platform/lib\lib_mAbassi_EVAL_GCC_AR5_CY5.a(mAbassi_EVAL_A9_GCC_2_NR.o)
                0x001295d8                TSKstkChk
 .text.Abassi   0x00129638     0x2850 ../../mAbassi/Platform/lib\lib_mAbassi_EVAL_GCC_AR5_CY5.a(mAbassi_EVAL_A9_GCC_2_NR.o)
                0x00129638                Abassi
 .text.TSKcreate
                0x0012be88      0x350 ../../mAbassi/Platform/lib\lib_mAbassi_EVAL_GCC_AR5_CY5.a(mAbassi_EVAL_A9_GCC_2_NR.o)
                0x0012be88                TSKcreate
 .text.OSstart  0x0012c1d8      0x17c ../../mAbassi/Platform/lib\lib_mAbassi_EVAL_GCC_AR5_CY5.a(mAbassi_EVAL_A9_GCC_2_NR.o)
                0x0012c1d8                OSstart
 .text.TSKstart
                0x0012c354       0x60 ../../mAbassi/Platform/lib\lib_mAbassi_EVAL_GCC_AR5_CY5.a(mAbassi_EVAL_A9_GCC_2_NR.o)
                0x0012c354                TSKstart
 .text.SEM__open
                0x0012c3b4      0x144 ../../mAbassi/Platform/lib\lib_mAbassi_EVAL_GCC_AR5_CY5.a(mAbassi_EVAL_A9_GCC_2_NR.o)
                0x0012c3b4                SEM__open
 .text.MBX__open
                0x0012c4f8      0x154 ../../mAbassi/Platform/lib\lib_mAbassi_EVAL_GCC_AR5_CY5.a(mAbassi_EVAL_A9_GCC_2_NR.o)
                0x0012c4f8                MBX__open
 .text.MBXget   0x0012c64c      0x128 ../../mAbassi/Platform/lib\lib_mAbassi_EVAL_GCC_AR5_CY5.a(mAbassi_EVAL_A9_GCC_2_NR.o)
                0x0012c64c                MBXget
 .text.MBXput   0x0012c774       0xd8 ../../mAbassi/Platform/lib\lib_mAbassi_EVAL_GCC_AR5_CY5.a(mAbassi_EVAL_A9_GCC_2_NR.o)
                0x0012c774                MBXput
 .text.GroupRm  0x0012c84c       0xb4 ../../mAbassi/Platform/lib\lib_mAbassi_EVAL_GCC_AR5_CY5.a(mAbassi_EVAL_A9_GCC_2_NR.o)
                0x0012c84c                GroupRm
 .text.OSalloc  0x0012c900       0x68 ../../mAbassi/Platform/lib\lib_mAbassi_EVAL_GCC_AR5_CY5.a(mAbassi_EVAL_A9_GCC_2_NR.o)
                0x0012c900                OSalloc
 .text.TIMtick  0x0012c968      0x4a0 ../../mAbassi/Platform/lib\lib_mAbassi_EVAL_GCC_AR5_CY5.a(mAbassi_EVAL_A9_GCC_2_NR.o)
                0x0012c968                TIMtick
 .text          0x0012ce08      0xb48 ../../mAbassi/Platform/lib\lib_mAbassi_EVAL_GCC_AR5_CY5.a(mAbassi_EVAL_GCC_AR5_CY5_NR.o)
                0x0012ce18                __cs3_reset_generic
                0x0012ce18                Reset_Handler
                0x0012ce18                boot
                0x0012ce18                _prestart
                0x0012d1c0                _exit
                0x0012d1c8                _sbrk_r
                0x0012d200                OStrap
                0x0012d218                __cs3_isr_swi
                0x0012d218                mySWI
                0x0012d260                SWI_Handler
                0x0012d264                OScontext
                0x0012d284                CoreContext
                0x0012d298                OSstack
                0x0012d2f4                OSintCtrl
                0x0012d314                OSintBack
                0x0012d324                OSintOff
                0x0012d330                OSintOn
                0x0012d338                OSisrInfo
                0x0012d348                __cs3_isr_irq
                0x0012d348                ISRdispatch
                0x0012d47c                OSinvalidISR
                0x0012d484                COREgetPeriph
                0x0012d48c                COREgetID
                0x0012d498                GICinit
                0x0012d53c                GICenable
                0x0012d67c                COREstart1
                0x0012d688                COREstart2
                0x0012d694                COREstart3
                0x0012d6a0                COREstart0
                0x0012d6ac                CoreIdle
                0x0012d6dc                COREsafeGetID
                0x0012d700                COREsendISR
                0x0012d734                COREwakeISR
                0x0012d760                COREisInISR
                0x0012d774                COREtaskNow
                0x0012d798                COREchkRedo
                0x0012d7f8                CORElock
                0x0012d828                COREunlock
                0x0012d83c                SPINlock
                0x0012d84c                SPINtrylock
                0x0012d85c                SPIN_lock
                0x0012d8e4                SPINunlock
 .text          0x0012d950      0x798 ../../mAbassi/Platform/lib\lib_mAbassi_EVAL_GCC_AR5_CY5.a(ARMv7_SMP_L1_L2_GCC_AR5_CY5.o)
                0x0012d950                COREcacheON
                0x0012dddc                DCacheInvalRange
                0x0012def0                DCacheFlushRange
                0x0012e004                MMUlog2Phy
                0x0012e064                MMUphy2Log
 .text          0x0012e0e8       0x4c c:/intelfpga/18.1/embedded/host_tools/mentor/gnu/arm/baremetal/bin/../lib/gcc/arm-altera-eabi/6.2.0/../../../../arm-altera-eabi/lib\libcs3.a(start_c.o)
                0x0012e0e8                __cs3_premain
 .text          0x0012e134       0x78 c:/intelfpga/18.1/embedded/host_tools/mentor/gnu/arm/baremetal/bin/../lib/gcc/arm-altera-eabi/6.2.0/../../../../arm-altera-eabi/lib\libcs3.a(cycloneV-dk-reset-ram.o)
 .text          0x0012e1ac        0x4 c:/intelfpga/18.1/embedded/host_tools/mentor/gnu/arm/baremetal/bin/../lib/gcc/arm-altera-eabi/6.2.0/../../../../arm-altera-eabi/lib\libcs3arm.a(arm_isr_interrupt.o)
                0x0012e1ac                __cs3_isr_reserved
                0x0012e1ac                __cs3_isr_interrupt
 .text          0x0012e1b0      0x114 c:/intelfpga/18.1/embedded/host_tools/mentor/gnu/arm/baremetal/bin/../lib/gcc/arm-altera-eabi/6.2.0\libgcc.a(_udivsi3.o)
                0x0012e1b0                __aeabi_uidiv
                0x0012e1b0                __udivsi3
                0x0012e2a4                __aeabi_uidivmod
 .text          0x0012e2c4      0x148 c:/intelfpga/18.1/embedded/host_tools/mentor/gnu/arm/baremetal/bin/../lib/gcc/arm-altera-eabi/6.2.0\libgcc.a(_divsi3.o)
                0x0012e2c4                __divsi3
                0x0012e2c4                __aeabi_idiv
                0x0012e3ec                __aeabi_idivmod
 .text          0x0012e40c        0x4 c:/intelfpga/18.1/embedded/host_tools/mentor/gnu/arm/baremetal/bin/../lib/gcc/arm-altera-eabi/6.2.0\libgcc.a(_dvmd_tls.o)
                0x0012e40c                __aeabi_idiv0
                0x0012e40c                __aeabi_ldiv0
 .text          0x0012e410       0xd4 c:/intelfpga/18.1/embedded/host_tools/mentor/gnu/arm/baremetal/bin/../lib/gcc/arm-altera-eabi/6.2.0\libgcc.a(_aeabi_ldivmod.o)
                0x0012e410                __aeabi_ldivmod
 .text          0x0012e4e4       0x3c c:/intelfpga/18.1/embedded/host_tools/mentor/gnu/arm/baremetal/bin/../lib/gcc/arm-altera-eabi/6.2.0\libgcc.a(_aeabi_uldivmod.o)
                0x0012e4e4                __aeabi_uldivmod
 .text          0x0012e520      0x12c c:/intelfpga/18.1/embedded/host_tools/mentor/gnu/arm/baremetal/bin/../lib/gcc/arm-altera-eabi/6.2.0\libgcc.a(_udivmoddi4.o)
                0x0012e520                __udivmoddi4
 .text          0x0012e64c       0x28 c:/intelfpga/18.1/embedded/host_tools/mentor/gnu/arm/baremetal/bin/../lib/gcc/arm-altera-eabi/6.2.0\libgcc.a(_clzdi2.o)
                0x0012e64c                __clzdi2
 .text          0x0012e674       0x48 c:/intelfpga/18.1/embedded/host_tools/mentor/gnu/arm/baremetal/bin/../lib/gcc/arm-altera-eabi/6.2.0\libgcc.a(_clzsi2.o)
                0x0012e674                __clzsi2
 .text          0x0012e6bc       0x24 c:/intelfpga/18.1/embedded/host_tools/mentor/gnu/arm/baremetal/bin/../lib/gcc/arm-altera-eabi/6.2.0/../../../../arm-altera-eabi/lib\libc.a(lib_a-calloc.o)
                0x0012e6bc                calloc
 .text          0x0012e6e0       0x98 c:/intelfpga/18.1/embedded/host_tools/mentor/gnu/arm/baremetal/bin/../lib/gcc/arm-altera-eabi/6.2.0/../../../../arm-altera-eabi/lib\libc.a(lib_a-callocr.o)
                0x0012e6e0                _calloc_r
 .text          0x0012e778       0x10 c:/intelfpga/18.1/embedded/host_tools/mentor/gnu/arm/baremetal/bin/../lib/gcc/arm-altera-eabi/6.2.0/../../../../arm-altera-eabi/lib\libc.a(lib_a-errno.o)
                0x0012e778                __errno
 .text          0x0012e788       0x34 c:/intelfpga/18.1/embedded/host_tools/mentor/gnu/arm/baremetal/bin/../lib/gcc/arm-altera-eabi/6.2.0/../../../../arm-altera-eabi/lib\libc.a(lib_a-exit.o)
                0x0012e788                exit
 .text          0x0012e7bc      0x180 c:/intelfpga/18.1/embedded/host_tools/mentor/gnu/arm/baremetal/bin/../lib/gcc/arm-altera-eabi/6.2.0/../../../../arm-altera-eabi/lib\libc.a(lib_a-fclose.o)
                0x0012e7bc                _fclose_r
                0x0012e924                fclose
 .text          0x0012e93c      0x314 c:/intelfpga/18.1/embedded/host_tools/mentor/gnu/arm/baremetal/bin/../lib/gcc/arm-altera-eabi/6.2.0/../../../../arm-altera-eabi/lib\libc.a(lib_a-fflush.o)
                0x0012e93c                __sflush_r
                0x0012eb78                _fflush_r
                0x0012ec14                fflush
 .text          0x0012ec50      0x3e4 c:/intelfpga/18.1/embedded/host_tools/mentor/gnu/arm/baremetal/bin/../lib/gcc/arm-altera-eabi/6.2.0/../../../../arm-altera-eabi/lib\libc.a(lib_a-findfp.o)
                0x0012ec50                _cleanup_r
                0x0012ed5c                __sfmoreglue
                0x0012edac                _cleanup
                0x0012edd0                __sinit
                0x0012ee64                __sfp
                0x0012ef84                __sfp_lock_acquire
                0x0012ef9c                __sfp_lock_release
                0x0012efb4                __sinit_lock_acquire
                0x0012efcc                __sinit_lock_release
                0x0012efe4                __fp_lock_all
                0x0012f00c                __fp_unlock_all
 .text.startup  0x0012f034       0x30 c:/intelfpga/18.1/embedded/host_tools/mentor/gnu/arm/baremetal/bin/../lib/gcc/arm-altera-eabi/6.2.0/../../../../arm-altera-eabi/lib\libc.a(lib_a-findfp.o)
 .text          0x0012f064      0x16c c:/intelfpga/18.1/embedded/host_tools/mentor/gnu/arm/baremetal/bin/../lib/gcc/arm-altera-eabi/6.2.0/../../../../arm-altera-eabi/lib\libc.a(lib_a-fopen.o)
                0x0012f064                _fopen_r
                0x0012f1b0                fopen
 .text          0x0012f1d0       0x6c c:/intelfpga/18.1/embedded/host_tools/mentor/gnu/arm/baremetal/bin/../lib/gcc/arm-altera-eabi/6.2.0/../../../../arm-altera-eabi/lib\libc.a(lib_a-fprintf.o)
                0x0012f1d0                _fprintf_r
                0x0012f200                fprintf
 .text          0x0012f23c      0x2ec c:/intelfpga/18.1/embedded/host_tools/mentor/gnu/arm/baremetal/bin/../lib/gcc/arm-altera-eabi/6.2.0/../../../../arm-altera-eabi/lib\libc.a(lib_a-fread.o)
                0x0012f23c                _fread_r
                0x0012f4ec                fread
 .text          0x0012f528      0x3e0 c:/intelfpga/18.1/embedded/host_tools/mentor/gnu/arm/baremetal/bin/../lib/gcc/arm-altera-eabi/6.2.0/../../../../arm-altera-eabi/lib\libc.a(lib_a-freer.o)
                0x0012f528                _malloc_trim_r
                0x0012f628                _free_r
 .text          0x0012f908       0x6c c:/intelfpga/18.1/embedded/host_tools/mentor/gnu/arm/baremetal/bin/../lib/gcc/arm-altera-eabi/6.2.0/../../../../arm-altera-eabi/lib\libc.a(lib_a-fscanf.o)
                0x0012f908                fscanf
                0x0012f944                _fscanf_r
 .text          0x0012f974       0x3c c:/intelfpga/18.1/embedded/host_tools/mentor/gnu/arm/baremetal/bin/../lib/gcc/arm-altera-eabi/6.2.0/../../../../arm-altera-eabi/lib\libc.a(lib_a-fseek.o)
                0x0012f974                _fseek_r
                0x0012f984                fseek
 .text          0x0012f9b0      0x51c c:/intelfpga/18.1/embedded/host_tools/mentor/gnu/arm/baremetal/bin/../lib/gcc/arm-altera-eabi/6.2.0/../../../../arm-altera-eabi/lib\libc.a(lib_a-fseeko.o)
                0x0012f9b0                _fseeko_r
                0x0012fea4                fseeko
 .text          0x0012fecc       0x2c c:/intelfpga/18.1/embedded/host_tools/mentor/gnu/arm/baremetal/bin/../lib/gcc/arm-altera-eabi/6.2.0/../../../../arm-altera-eabi/lib\libc.a(lib_a-ftell.o)
                0x0012fecc                _ftell_r
                0x0012fedc                ftell
 .text          0x0012fef8      0x178 c:/intelfpga/18.1/embedded/host_tools/mentor/gnu/arm/baremetal/bin/../lib/gcc/arm-altera-eabi/6.2.0/../../../../arm-altera-eabi/lib\libc.a(lib_a-ftello.o)
                0x0012fef8                _ftello_r
                0x00130058                ftello
 .text          0x00130070      0x110 c:/intelfpga/18.1/embedded/host_tools/mentor/gnu/arm/baremetal/bin/../lib/gcc/arm-altera-eabi/6.2.0/../../../../arm-altera-eabi/lib\libc.a(lib_a-fwalk.o)
                0x00130070                _fwalk
                0x001300f4                _fwalk_reent
 .text          0x00130180       0x10 c:/intelfpga/18.1/embedded/host_tools/mentor/gnu/arm/baremetal/bin/../lib/gcc/arm-altera-eabi/6.2.0/../../../../arm-altera-eabi/lib\libc.a(lib_a-getreent.o)
                0x00130180                __getreent
 .text          0x00130190       0x80 c:/intelfpga/18.1/embedded/host_tools/mentor/gnu/arm/baremetal/bin/../lib/gcc/arm-altera-eabi/6.2.0/../../../../arm-altera-eabi/lib\libc.a(lib_a-init.o)
                0x00130190                __libc_init_array
 .text          0x00130210       0x20 c:/intelfpga/18.1/embedded/host_tools/mentor/gnu/arm/baremetal/bin/../lib/gcc/arm-altera-eabi/6.2.0/../../../../arm-altera-eabi/lib\libc.a(lib_a-lcltime.o)
                0x00130210                localtime
 .text          0x00130230      0x384 c:/intelfpga/18.1/embedded/host_tools/mentor/gnu/arm/baremetal/bin/../lib/gcc/arm-altera-eabi/6.2.0/../../../../arm-altera-eabi/lib\libc.a(lib_a-lcltime_r.o)
                0x00130230                localtime_r
 .text          0x001305b4       0xf4 c:/intelfpga/18.1/embedded/host_tools/mentor/gnu/arm/baremetal/bin/../lib/gcc/arm-altera-eabi/6.2.0/../../../../arm-altera-eabi/lib\libc.a(lib_a-locale.o)
                0x001305d8                _setlocale_r
                0x00130640                __locale_mb_cur_max
                0x00130668                __locale_ctype_ptr_l
                0x00130670                __locale_ctype_ptr
                0x00130688                setlocale
 .text          0x001306a8      0x18c c:/intelfpga/18.1/embedded/host_tools/mentor/gnu/arm/baremetal/bin/../lib/gcc/arm-altera-eabi/6.2.0/../../../../arm-altera-eabi/lib\libc.a(lib_a-makebuf.o)
                0x001306a8                __swhatbuf_r
                0x00130748                __smakebuf_r
 .text          0x00130834       0x38 c:/intelfpga/18.1/embedded/host_tools/mentor/gnu/arm/baremetal/bin/../lib/gcc/arm-altera-eabi/6.2.0/../../../../arm-altera-eabi/lib\libc.a(lib_a-malloc.o)
                0x00130834                malloc
                0x00130850                free
 .text          0x0013086c      0x750 c:/intelfpga/18.1/embedded/host_tools/mentor/gnu/arm/baremetal/bin/../lib/gcc/arm-altera-eabi/6.2.0/../../../../arm-altera-eabi/lib\libc.a(lib_a-mallocr.o)
                0x0013086c                _malloc_r
 .text          0x00130fbc       0xa0 c:/intelfpga/18.1/embedded/host_tools/mentor/gnu/arm/baremetal/bin/../lib/gcc/arm-altera-eabi/6.2.0/../../../../arm-altera-eabi/lib\libc.a(lib_a-mbtowc_r.o)
                0x00130fbc                _mbtowc_r
                0x00131010                __ascii_mbtowc
 .text          0x0013105c      0x114 c:/intelfpga/18.1/embedded/host_tools/mentor/gnu/arm/baremetal/bin/../lib/gcc/arm-altera-eabi/6.2.0/../../../../arm-altera-eabi/lib\libc.a(lib_a-memcpy-stub.o)
                0x0013105c                memcpy
 .text          0x00131170      0x148 c:/intelfpga/18.1/embedded/host_tools/mentor/gnu/arm/baremetal/bin/../lib/gcc/arm-altera-eabi/6.2.0/../../../../arm-altera-eabi/lib\libc.a(lib_a-memmove.o)
                0x00131170                memmove
 .text          0x001312b8      0x114 c:/intelfpga/18.1/embedded/host_tools/mentor/gnu/arm/baremetal/bin/../lib/gcc/arm-altera-eabi/6.2.0/../../../../arm-altera-eabi/lib\libc.a(lib_a-memset.o)
                0x001312b8                memset
 .text          0x001313cc      0x848 c:/intelfpga/18.1/embedded/host_tools/mentor/gnu/arm/baremetal/bin/../lib/gcc/arm-altera-eabi/6.2.0/../../../../arm-altera-eabi/lib\libc.a(lib_a-mktime.o)
                0x00131708                mktime
 .text          0x00131c14       0x30 c:/intelfpga/18.1/embedded/host_tools/mentor/gnu/arm/baremetal/bin/../lib/gcc/arm-altera-eabi/6.2.0/../../../../arm-altera-eabi/lib\libc.a(lib_a-mlock.o)
                0x00131c14                __malloc_lock
                0x00131c2c                __malloc_unlock
 .text.startup  0x00131c44       0x18 c:/intelfpga/18.1/embedded/host_tools/mentor/gnu/arm/baremetal/bin/../lib/gcc/arm-altera-eabi/6.2.0/../../../../arm-altera-eabi/lib\libc.a(lib_a-mlock.o)
 .text          0x00131c5c       0x6c c:/intelfpga/18.1/embedded/host_tools/mentor/gnu/arm/baremetal/bin/../lib/gcc/arm-altera-eabi/6.2.0/../../../../arm-altera-eabi/lib\libc.a(lib_a-printf.o)
                0x00131c5c                _printf_r
                0x00131c90                printf
 .text          0x00131cc8      0x12c c:/intelfpga/18.1/embedded/host_tools/mentor/gnu/arm/baremetal/bin/../lib/gcc/arm-altera-eabi/6.2.0/../../../../arm-altera-eabi/lib\libc.a(lib_a-puts.o)
                0x00131cc8                _puts_r
                0x00131ddc                puts
 .text          0x00131df4       0x6c c:/intelfpga/18.1/embedded/host_tools/mentor/gnu/arm/baremetal/bin/../lib/gcc/arm-altera-eabi/6.2.0/../../../../arm-altera-eabi/lib\libc.a(lib_a-rand.o)
                0x00131df4                srand
                0x00131e14                rand
 .text          0x00131e60      0x218 c:/intelfpga/18.1/embedded/host_tools/mentor/gnu/arm/baremetal/bin/../lib/gcc/arm-altera-eabi/6.2.0/../../../../arm-altera-eabi/lib\libc.a(lib_a-refill.o)
                0x00131e88                __srefill_r
 .text          0x00132078       0x58 c:/intelfpga/18.1/embedded/host_tools/mentor/gnu/arm/baremetal/bin/../lib/gcc/arm-altera-eabi/6.2.0/../../../../arm-altera-eabi/lib\libc.a(lib_a-rewind.o)
                0x00132078                _rewind_r
                0x001320a0                rewind
 .text          0x001320d0       0x6c c:/intelfpga/18.1/embedded/host_tools/mentor/gnu/arm/baremetal/bin/../lib/gcc/arm-altera-eabi/6.2.0/../../../../arm-altera-eabi/lib\libc.a(lib_a-rget.o)
                0x001320d0                __srget_r
                0x00132124                __srget
 .text          0x0013213c      0x258 c:/intelfpga/18.1/embedded/host_tools/mentor/gnu/arm/baremetal/bin/../lib/gcc/arm-altera-eabi/6.2.0/../../../../arm-altera-eabi/lib\libc.a(lib_a-setvbuf.o)
                0x0013213c                setvbuf
 .text          0x00132394       0xcc c:/intelfpga/18.1/embedded/host_tools/mentor/gnu/arm/baremetal/bin/../lib/gcc/arm-altera-eabi/6.2.0/../../../../arm-altera-eabi/lib\libc.a(lib_a-sprintf.o)
                0x00132394                _sprintf_r
                0x001323f8                sprintf
 .text          0x00132460       0xd8 c:/intelfpga/18.1/embedded/host_tools/mentor/gnu/arm/baremetal/bin/../lib/gcc/arm-altera-eabi/6.2.0/../../../../arm-altera-eabi/lib\libc.a(lib_a-stdio.o)
                0x00132460                __sread
                0x00132494                __seofread
                0x0013249c                __swrite
                0x001324f4                __sseek
                0x00132524                __sclose
 .text          0x00132538       0x74 c:/intelfpga/18.1/embedded/host_tools/mentor/gnu/arm/baremetal/bin/../lib/gcc/arm-altera-eabi/6.2.0/../../../../arm-altera-eabi/lib\libc.a(lib_a-stpcpy.o)
                0x00132538                stpcpy
 .text          0x001325ac       0x70 c:/intelfpga/18.1/embedded/host_tools/mentor/gnu/arm/baremetal/bin/../lib/gcc/arm-altera-eabi/6.2.0/../../../../arm-altera-eabi/lib\libc.a(lib_a-strcasecmp.o)
                0x001325ac                strcasecmp
 .text          0x0013261c      0x224 c:/intelfpga/18.1/embedded/host_tools/mentor/gnu/arm/baremetal/bin/../lib/gcc/arm-altera-eabi/6.2.0/../../../../arm-altera-eabi/lib\libc.a(lib_a-strcmp.o)
                0x0013261c                strcmp
 .text          0x00132840       0xf0 c:/intelfpga/18.1/embedded/host_tools/mentor/gnu/arm/baremetal/bin/../lib/gcc/arm-altera-eabi/6.2.0/../../../../arm-altera-eabi/lib\libc.a(lib_a-strcpy.o)
                0x00132840                strcpy
 .text          0x00132930       0x60 c:/intelfpga/18.1/embedded/host_tools/mentor/gnu/arm/baremetal/bin/../lib/gcc/arm-altera-eabi/6.2.0/../../../../arm-altera-eabi/lib\libc.a(lib_a-strlen-stub.o)
                0x00132930                strlen
 .text          0x00132990       0x94 c:/intelfpga/18.1/embedded/host_tools/mentor/gnu/arm/baremetal/bin/../lib/gcc/arm-altera-eabi/6.2.0/../../../../arm-altera-eabi/lib\libc.a(lib_a-strncasecmp.o)
                0x00132990                strncasecmp
 .text          0x00132a24       0xa0 c:/intelfpga/18.1/embedded/host_tools/mentor/gnu/arm/baremetal/bin/../lib/gcc/arm-altera-eabi/6.2.0/../../../../arm-altera-eabi/lib\libc.a(lib_a-strncat.o)
                0x00132a24                strncat
 .text          0x00132ac4      0x110 c:/intelfpga/18.1/embedded/host_tools/mentor/gnu/arm/baremetal/bin/../lib/gcc/arm-altera-eabi/6.2.0/../../../../arm-altera-eabi/lib\libc.a(lib_a-strncmp.o)
                0x00132ac4                strncmp
 .text          0x00132bd4       0xdc c:/intelfpga/18.1/embedded/host_tools/mentor/gnu/arm/baremetal/bin/../lib/gcc/arm-altera-eabi/6.2.0/../../../../arm-altera-eabi/lib\libc.a(lib_a-strncpy.o)
                0x00132bd4                strncpy
 .text          0x00132cb0       0x54 c:/intelfpga/18.1/embedded/host_tools/mentor/gnu/arm/baremetal/bin/../lib/gcc/arm-altera-eabi/6.2.0/../../../../arm-altera-eabi/lib\libc.a(lib_a-strrchr.o)
                0x00132cb0                strrchr
 .text          0x00132d04      0x834 c:/intelfpga/18.1/embedded/host_tools/mentor/gnu/arm/baremetal/bin/../lib/gcc/arm-altera-eabi/6.2.0/../../../../arm-altera-eabi/lib\libc.a(lib_a-strstr.o)
                0x001331c0                strstr
 .text          0x00133538      0x308 c:/intelfpga/18.1/embedded/host_tools/mentor/gnu/arm/baremetal/bin/../lib/gcc/arm-altera-eabi/6.2.0/../../../../arm-altera-eabi/lib\libc.a(lib_a-strtol.o)
                0x00133758                _strtol_r
                0x001337ac                strtol_l
                0x001337e8                strtol
 .text          0x00133840      0x3c8 c:/intelfpga/18.1/embedded/host_tools/mentor/gnu/arm/baremetal/bin/../lib/gcc/arm-altera-eabi/6.2.0/../../../../arm-altera-eabi/lib\libc.a(lib_a-strtoll.o)
                0x00133b20                _strtoll_r
                0x00133b74                strtoll_l
                0x00133bb0                strtoll
 .text          0x00133c08      0x2d0 c:/intelfpga/18.1/embedded/host_tools/mentor/gnu/arm/baremetal/bin/../lib/gcc/arm-altera-eabi/6.2.0/../../../../arm-altera-eabi/lib\libc.a(lib_a-strtoul.o)
                0x00133df0                _strtoul_r
                0x00133e44                strtoul_l
                0x00133e80                strtoul
 .text          0x00133ed8      0x360 c:/intelfpga/18.1/embedded/host_tools/mentor/gnu/arm/baremetal/bin/../lib/gcc/arm-altera-eabi/6.2.0/../../../../arm-altera-eabi/lib\libc.a(lib_a-strtoull.o)
                0x00134150                _strtoull_r
                0x001341a4                strtoull_l
                0x001341e0                strtoull
 .text          0x00134238     0x2030 c:/intelfpga/18.1/embedded/host_tools/mentor/gnu/arm/baremetal/bin/../lib/gcc/arm-altera-eabi/6.2.0/../../../../arm-altera-eabi/lib\libc.a(lib_a-svfprintf.o)
                0x00134238                _svfprintf_r
 .text          0x00136268       0x24 c:/intelfpga/18.1/embedded/host_tools/mentor/gnu/arm/baremetal/bin/../lib/gcc/arm-altera-eabi/6.2.0/../../../../arm-altera-eabi/lib\libc.a(lib_a-sysstat.o)
                0x00136268                stat
 .text          0x0013628c      0x238 c:/intelfpga/18.1/embedded/host_tools/mentor/gnu/arm/baremetal/bin/../lib/gcc/arm-altera-eabi/6.2.0/../../../../arm-altera-eabi/lib\libc.a(lib_a-tzcalc_limits.o)
                0x0013628c                __tzcalc_limits
 .text          0x001364c4       0x30 c:/intelfpga/18.1/embedded/host_tools/mentor/gnu/arm/baremetal/bin/../lib/gcc/arm-altera-eabi/6.2.0/../../../../arm-altera-eabi/lib\libc.a(lib_a-tzlock.o)
                0x001364c4                __tz_lock
                0x001364dc                __tz_unlock
 .text.startup  0x001364f4       0x18 c:/intelfpga/18.1/embedded/host_tools/mentor/gnu/arm/baremetal/bin/../lib/gcc/arm-altera-eabi/6.2.0/../../../../arm-altera-eabi/lib\libc.a(lib_a-tzlock.o)
 .text          0x0013650c       0x30 c:/intelfpga/18.1/embedded/host_tools/mentor/gnu/arm/baremetal/bin/../lib/gcc/arm-altera-eabi/6.2.0/../../../../arm-altera-eabi/lib\libc.a(lib_a-tzset.o)
                0x0013650c                _tzset_unlocked
                0x00136520                tzset
 .text          0x0013653c      0x4b4 c:/intelfpga/18.1/embedded/host_tools/mentor/gnu/arm/baremetal/bin/../lib/gcc/arm-altera-eabi/6.2.0/../../../../arm-altera-eabi/lib\libc.a(lib_a-tzset_r.o)
                0x0013653c                _tzset_unlocked_r
                0x001369d0                _tzset_r
 .text          0x001369f0      0x2f0 c:/intelfpga/18.1/embedded/host_tools/mentor/gnu/arm/baremetal/bin/../lib/gcc/arm-altera-eabi/6.2.0/../../../../arm-altera-eabi/lib\libc.a(lib_a-ungetc.o)
                0x001369f0                __submore
                0x00136aa0                _ungetc_r
                0x00136cc0                ungetc
 .text          0x00136ce0     0x22ec c:/intelfpga/18.1/embedded/host_tools/mentor/gnu/arm/baremetal/bin/../lib/gcc/arm-altera-eabi/6.2.0/../../../../arm-altera-eabi/lib\libc.a(lib_a-vfprintf.o)
                0x00136ce0                _vfprintf_r
                0x00138ed4                vfprintf
 .text          0x00138fcc     0x176c c:/intelfpga/18.1/embedded/host_tools/mentor/gnu/arm/baremetal/bin/../lib/gcc/arm-altera-eabi/6.2.0/../../../../arm-altera-eabi/lib\libc.a(lib_a-vfscanf.o)
                0x00138fcc                __svfscanf_r
                0x0013a698                vfscanf
                0x0013a6d8                __svfscanf
                0x0013a700                _vfscanf_r
 .text          0x0013a738      0x154 c:/intelfpga/18.1/embedded/host_tools/mentor/gnu/arm/baremetal/bin/../lib/gcc/arm-altera-eabi/6.2.0/../../../../arm-altera-eabi/lib\libc.a(lib_a-wbuf.o)
                0x0013a738                __swbuf_r
                0x0013a86c                __swbuf
 .text          0x0013a88c       0x74 c:/intelfpga/18.1/embedded/host_tools/mentor/gnu/arm/baremetal/bin/../lib/gcc/arm-altera-eabi/6.2.0/../../../../arm-altera-eabi/lib\libc.a(lib_a-wctomb_r.o)
                0x0013a88c                _wctomb_r
                0x0013a8d8                __ascii_wctomb
 .text          0x0013a900      0x158 c:/intelfpga/18.1/embedded/host_tools/mentor/gnu/arm/baremetal/bin/../lib/gcc/arm-altera-eabi/6.2.0/../../../../arm-altera-eabi/lib\libc.a(lib_a-wsetup.o)
                0x0013a900                __swsetup_r
 .text          0x0013aa58      0x184 c:/intelfpga/18.1/embedded/host_tools/mentor/gnu/arm/baremetal/bin/../lib/gcc/arm-altera-eabi/6.2.0/../../../../arm-altera-eabi/lib\libc.a(lib_a-__call_atexit.o)
                0x0013aa58                __call_exitprocs
 .text.startup  0x0013abdc       0x40 c:/intelfpga/18.1/embedded/host_tools/mentor/gnu/arm/baremetal/bin/../lib/gcc/arm-altera-eabi/6.2.0/../../../../arm-altera-eabi/lib\libc.a(lib_a-__call_atexit.o)
 .text          0x0013ac1c       0x20 c:/intelfpga/18.1/embedded/host_tools/mentor/gnu/arm/baremetal/bin/../lib/gcc/arm-altera-eabi/6.2.0/../../../../arm-altera-eabi/lib\libc.a(lib_a-atexit.o)
                0x0013ac1c                atexit
 .text          0x0013ac3c       0x64 c:/intelfpga/18.1/embedded/host_tools/mentor/gnu/arm/baremetal/bin/../lib/gcc/arm-altera-eabi/6.2.0/../../../../arm-altera-eabi/lib\libc.a(lib_a-div.o)
                0x0013ac3c                div
 .text          0x0013aca0     0x181c c:/intelfpga/18.1/embedded/host_tools/mentor/gnu/arm/baremetal/bin/../lib/gcc/arm-altera-eabi/6.2.0/../../../../arm-altera-eabi/lib\libc.a(lib_a-dtoa.o)
                0x0013ae80                _dtoa_r
 .text          0x0013c4bc       0x48 c:/intelfpga/18.1/embedded/host_tools/mentor/gnu/arm/baremetal/bin/../lib/gcc/arm-altera-eabi/6.2.0/../../../../arm-altera-eabi/lib\libc.a(lib_a-fini.o)
                0x0013c4bc                __libc_fini_array
 .text          0x0013c504       0xb8 c:/intelfpga/18.1/embedded/host_tools/mentor/gnu/arm/baremetal/bin/../lib/gcc/arm-altera-eabi/6.2.0/../../../../arm-altera-eabi/lib\libc.a(lib_a-flags.o)
                0x0013c504                __sflags
 .text          0x0013c5bc      0x4dc c:/intelfpga/18.1/embedded/host_tools/mentor/gnu/arm/baremetal/bin/../lib/gcc/arm-altera-eabi/6.2.0/../../../../arm-altera-eabi/lib\libc.a(lib_a-fvwrite.o)
                0x0013c5bc                __sfvwrite_r
 .text          0x0013ca98       0xec c:/intelfpga/18.1/embedded/host_tools/mentor/gnu/arm/baremetal/bin/../lib/gcc/arm-altera-eabi/6.2.0/../../../../arm-altera-eabi/lib\libc.a(lib_a-getenv_r.o)
                0x0013ca98                _findenv_r
                0x0013cb68                _getenv_r
 .text          0x0013cb84        0xc c:/intelfpga/18.1/embedded/host_tools/mentor/gnu/arm/baremetal/bin/../lib/gcc/arm-altera-eabi/6.2.0/../../../../arm-altera-eabi/lib\libc.a(lib_a-gettzinfo.o)
                0x0013cb84                __gettzinfo
 .text          0x0013cb90      0x260 c:/intelfpga/18.1/embedded/host_tools/mentor/gnu/arm/baremetal/bin/../lib/gcc/arm-altera-eabi/6.2.0/../../../../arm-altera-eabi/lib\libc.a(lib_a-gmtime_r.o)
                0x0013cb90                gmtime_r
 .text          0x0013cdf0       0x30 c:/intelfpga/18.1/embedded/host_tools/mentor/gnu/arm/baremetal/bin/../lib/gcc/arm-altera-eabi/6.2.0/../../../../arm-altera-eabi/lib\libc.a(lib_a-iswspace.o)
                0x0013cdf0                iswspace
 .text          0x0013ce20       0x58 c:/intelfpga/18.1/embedded/host_tools/mentor/gnu/arm/baremetal/bin/../lib/gcc/arm-altera-eabi/6.2.0/../../../../arm-altera-eabi/lib\libc.a(lib_a-localeconv.o)
                0x0013ce20                __localeconv_l
                0x0013ce28                _localeconv_r
                0x0013ce50                localeconv
 .text          0x0013ce78      0x170 c:/intelfpga/18.1/embedded/host_tools/mentor/gnu/arm/baremetal/bin/../lib/gcc/arm-altera-eabi/6.2.0/../../../../arm-altera-eabi/lib\libc.a(lib_a-mbrtowc.o)
                0x0013ce78                _mbrtowc_r
                0x0013cf2c                mbrtowc
 .text          0x0013cfe8      0x110 c:/intelfpga/18.1/embedded/host_tools/mentor/gnu/arm/baremetal/bin/../lib/gcc/arm-altera-eabi/6.2.0/../../../../arm-altera-eabi/lib\libc.a(lib_a-memchr-stub.o)
                0x0013cfe8                memchr
 .text          0x0013d0f8       0xf0 c:/intelfpga/18.1/embedded/host_tools/mentor/gnu/arm/baremetal/bin/../lib/gcc/arm-altera-eabi/6.2.0/../../../../arm-altera-eabi/lib\libc.a(lib_a-memcmp.o)
                0x0013d0f8                memcmp
 .text          0x0013d1e8      0xd98 c:/intelfpga/18.1/embedded/host_tools/mentor/gnu/arm/baremetal/bin/../lib/gcc/arm-altera-eabi/6.2.0/../../../../arm-altera-eabi/lib\libc.a(lib_a-mprec.o)
                0x0013d1e8                _Balloc
                0x0013d274                _Bfree
                0x0013d290                __multadd
                0x0013d36c                __s2b
                0x0013d45c                __hi0bits
                0x0013d4b4                __lo0bits
                0x0013d554                __i2b
                0x0013d578                __multiply
                0x0013d748                __pow5mult
                0x0013d84c                __lshift
                0x0013d934                __mcmp
                0x0013d994                __mdiff
                0x0013db3c                __ulp
                0x0013dba4                __b2d
                0x0013dc90                __d2b
                0x0013dda0                __ratio
                0x0013de30                _mprec_log10
                0x0013de90                __copybits
                0x0013df00                __any_on
 .text          0x0013df80      0x4d4 c:/intelfpga/18.1/embedded/host_tools/mentor/gnu/arm/baremetal/bin/../lib/gcc/arm-altera-eabi/6.2.0/../../../../arm-altera-eabi/lib\libc.a(lib_a-reallocr.o)
                0x0013df80                _realloc_r
 .text          0x0013e454       0xd0 c:/intelfpga/18.1/embedded/host_tools/mentor/gnu/arm/baremetal/bin/../lib/gcc/arm-altera-eabi/6.2.0/../../../../arm-altera-eabi/lib\libc.a(lib_a-sccl.o)
                0x0013e454                __sccl
 .text          0x0013e524        0xc c:/intelfpga/18.1/embedded/host_tools/mentor/gnu/arm/baremetal/bin/../lib/gcc/arm-altera-eabi/6.2.0/../../../../arm-altera-eabi/lib\libc.a(lib_a-sf_nan.o)
                0x0013e524                nanf
 .text          0x0013e530       0xf4 c:/intelfpga/18.1/embedded/host_tools/mentor/gnu/arm/baremetal/bin/../lib/gcc/arm-altera-eabi/6.2.0/../../../../arm-altera-eabi/lib\libc.a(lib_a-siscanf.o)
                0x0013e530                siscanf
                0x0013e5a4                _siscanf_r
 .text          0x0013e624      0x1ac c:/intelfpga/18.1/embedded/host_tools/mentor/gnu/arm/baremetal/bin/../lib/gcc/arm-altera-eabi/6.2.0/../../../../arm-altera-eabi/lib\libc.a(lib_a-strchr.o)
                0x0013e624                strchr
 .text          0x0013e7d0     0x188c c:/intelfpga/18.1/embedded/host_tools/mentor/gnu/arm/baremetal/bin/../lib/gcc/arm-altera-eabi/6.2.0/../../../../arm-altera-eabi/lib\libc.a(lib_a-strtod.o)
                0x0013e7d0                _strtod_l
                0x0013fe4c                _strtod_r
                0x0013fe88                strtod_l
                0x0013feb0                strtod
                0x0013fef0                strtof_l
                0x0013ff50                strtof
 .text.unlikely
                0x0014005c       0x6c c:/intelfpga/18.1/embedded/host_tools/mentor/gnu/arm/baremetal/bin/../lib/gcc/arm-altera-eabi/6.2.0/../../../../arm-altera-eabi/lib\libc.a(lib_a-strtod.o)
 .text          0x001400c8     0x11e0 c:/intelfpga/18.1/embedded/host_tools/mentor/gnu/arm/baremetal/bin/../lib/gcc/arm-altera-eabi/6.2.0/../../../../arm-altera-eabi/lib\libc.a(lib_a-svfiprintf.o)
                0x001400c8                __ssprint_r
                0x00140258                _svfiprintf_r
 .text          0x001412a8     0x11ac c:/intelfpga/18.1/embedded/host_tools/mentor/gnu/arm/baremetal/bin/../lib/gcc/arm-altera-eabi/6.2.0/../../../../arm-altera-eabi/lib\libc.a(lib_a-svfiscanf.o)
                0x001412a8                _sungetc_r
                0x00141398                __ssrefill_r
                0x00141404                _sfread_r
                0x001414d4                __ssvfiscanf_r
 .text          0x00142454     0x14c4 c:/intelfpga/18.1/embedded/host_tools/mentor/gnu/arm/baremetal/bin/../lib/gcc/arm-altera-eabi/6.2.0/../../../../arm-altera-eabi/lib\libc.a(lib_a-vfiprintf.o)
                0x00142504                __sprint_r
                0x0014251c                _vfiprintf_r
                0x00143820                vfiprintf
 .text          0x00143918       0xfc c:/intelfpga/18.1/embedded/host_tools/mentor/gnu/arm/baremetal/bin/../lib/gcc/arm-altera-eabi/6.2.0/../../../../arm-altera-eabi/lib\libc.a(lib_a-__atexit.o)
                0x00143918                __register_exitproc
 .text          0x00143a14       0x30 c:/intelfpga/18.1/embedded/host_tools/mentor/gnu/arm/baremetal/bin/../lib/gcc/arm-altera-eabi/6.2.0/../../../../arm-altera-eabi/lib\libc.a(lib_a-envlock.o)
                0x00143a14                __env_lock
                0x00143a2c                __env_unlock
 .text.startup  0x00143a44       0x18 c:/intelfpga/18.1/embedded/host_tools/mentor/gnu/arm/baremetal/bin/../lib/gcc/arm-altera-eabi/6.2.0/../../../../arm-altera-eabi/lib\libc.a(lib_a-envlock.o)
 .text          0x00143a5c      0x204 c:/intelfpga/18.1/embedded/host_tools/mentor/gnu/arm/baremetal/bin/../lib/gcc/arm-altera-eabi/6.2.0/../../../../arm-altera-eabi/lib\libc.a(lib_a-fputwc.o)
                0x00143a5c                __fputwc
                0x00143b6c                _fputwc_r
                0x00143c28                fputwc
 .text          0x00143c60      0x8fc c:/intelfpga/18.1/embedded/host_tools/mentor/gnu/arm/baremetal/bin/../lib/gcc/arm-altera-eabi/6.2.0/../../../../arm-altera-eabi/lib\libc.a(lib_a-gdtoa-gethex.o)
                0x00143d58                __gethex
 .text          0x0014455c      0x2dc c:/intelfpga/18.1/embedded/host_tools/mentor/gnu/arm/baremetal/bin/../lib/gcc/arm-altera-eabi/6.2.0/../../../../arm-altera-eabi/lib\libc.a(lib_a-gdtoa-hexnan.o)
                0x0014455c                __match
                0x001445c8                __hexnan
 .text          0x00144838      0x150 c:/intelfpga/18.1/embedded/host_tools/mentor/gnu/arm/baremetal/bin/../lib/gcc/arm-altera-eabi/6.2.0/../../../../arm-altera-eabi/lib\libc.a(lib_a-wcrtomb.o)
                0x00144838                _wcrtomb_r
                0x001448dc                wcrtomb
 .text          0x00144988      0x138 c:/intelfpga/18.1/embedded/host_tools/mentor/gnu/arm/baremetal/bin/../lib/gcc/arm-altera-eabi/6.2.0/../../../../arm-altera-eabi/lib\libm.a(lib_a-w_sqrt.o)
                0x00144988                sqrt
 .text          0x00144ac0      0x230 c:/intelfpga/18.1/embedded/host_tools/mentor/gnu/arm/baremetal/bin/../lib/gcc/arm-altera-eabi/6.2.0/../../../../arm-altera-eabi/lib\libm.a(lib_a-e_sqrt.o)
                0x00144ac0                __ieee754_sqrt
 .text          0x00144cf0        0x8 c:/intelfpga/18.1/embedded/host_tools/mentor/gnu/arm/baremetal/bin/../lib/gcc/arm-altera-eabi/6.2.0/../../../../arm-altera-eabi/lib\libm.a(lib_a-s_matherr.o)
                0x00144cf0                matherr
 .text          0x00144cf8      0x41c c:/intelfpga/18.1/embedded/host_tools/mentor/gnu/arm/baremetal/bin/../lib/gcc/arm-altera-eabi/6.2.0\libgcc.a(_arm_addsubdf3.o)
                0x00144cf8                __aeabi_drsub
                0x00144d00                __aeabi_dsub
                0x00144d00                __subdf3
                0x00144d04                __aeabi_dadd
                0x00144d04                __adddf3
                0x00145014                __floatunsidf
                0x00145014                __aeabi_ui2d
                0x00145038                __floatsidf
                0x00145038                __aeabi_i2d
                0x00145060                __aeabi_f2d
                0x00145060                __extendsfdf2
                0x001450a0                __floatundidf
                0x001450a0                __aeabi_ul2d
                0x001450b4                __floatdidf
                0x001450b4                __aeabi_l2d
 .text          0x00145114      0x49c c:/intelfpga/18.1/embedded/host_tools/mentor/gnu/arm/baremetal/bin/../lib/gcc/arm-altera-eabi/6.2.0\libgcc.a(_arm_muldivdf3.o)
                0x00145114                __aeabi_dmul
                0x00145114                __muldf3
                0x001453a4                __divdf3
                0x001453a4                __aeabi_ddiv
 .text          0x001455b0      0x144 c:/intelfpga/18.1/embedded/host_tools/mentor/gnu/arm/baremetal/bin/../lib/gcc/arm-altera-eabi/6.2.0\libgcc.a(_arm_cmpdf2.o)
                0x001455b0                __gtdf2
                0x001455b0                __gedf2
                0x001455b8                __ltdf2
                0x001455b8                __ledf2
                0x001455c0                __nedf2
                0x001455c0                __eqdf2
                0x001455c0                __cmpdf2
                0x00145648                __aeabi_cdrcmple
                0x00145664                __aeabi_cdcmpeq
                0x00145664                __aeabi_cdcmple
                0x0014567c                __aeabi_dcmpeq
                0x00145694                __aeabi_dcmplt
                0x001456ac                __aeabi_dcmple
                0x001456c4                __aeabi_dcmpge
                0x001456dc                __aeabi_dcmpgt
 .text          0x001456f4       0x38 c:/intelfpga/18.1/embedded/host_tools/mentor/gnu/arm/baremetal/bin/../lib/gcc/arm-altera-eabi/6.2.0\libgcc.a(_arm_unorddf2.o)
                0x001456f4                __unorddf2
                0x001456f4                __aeabi_dcmpun
 .text          0x0014572c       0x5c c:/intelfpga/18.1/embedded/host_tools/mentor/gnu/arm/baremetal/bin/../lib/gcc/arm-altera-eabi/6.2.0\libgcc.a(_arm_fixdfsi.o)
                0x0014572c                __aeabi_d2iz
                0x0014572c                __fixdfsi
 .text          0x00145788       0x54 c:/intelfpga/18.1/embedded/host_tools/mentor/gnu/arm/baremetal/bin/../lib/gcc/arm-altera-eabi/6.2.0\libgcc.a(_arm_fixunsdfsi.o)
                0x00145788                __aeabi_d2uiz
                0x00145788                __fixunsdfsi
 .text          0x001457dc       0xa0 c:/intelfpga/18.1/embedded/host_tools/mentor/gnu/arm/baremetal/bin/../lib/gcc/arm-altera-eabi/6.2.0\libgcc.a(_arm_truncdfsf2.o)
                0x001457dc                __truncdfsf2
                0x001457dc                __aeabi_d2f
 .text          0x0014587c      0x114 c:/intelfpga/18.1/embedded/host_tools/mentor/gnu/arm/baremetal/bin/../lib/gcc/arm-altera-eabi/6.2.0\libgcc.a(_arm_cmpsf2.o)
                0x0014587c                __gesf2
                0x0014587c                __gtsf2
                0x00145884                __lesf2
                0x00145884                __ltsf2
                0x0014588c                __nesf2
                0x0014588c                __eqsf2
                0x0014588c                __cmpsf2
                0x001458f0                __aeabi_cfrcmple
                0x00145900                __aeabi_cfcmpeq
                0x00145900                __aeabi_cfcmple
                0x00145918                __aeabi_fcmpeq
                0x00145930                __aeabi_fcmplt
                0x00145948                __aeabi_fcmple
                0x00145960                __aeabi_fcmpge
                0x00145978                __aeabi_fcmpgt
 .text          0x00145990       0x58 c:/intelfpga/18.1/embedded/host_tools/mentor/gnu/arm/baremetal/bin/../lib/gcc/arm-altera-eabi/6.2.0\libgcc.a(gthr-generic.o)
                0x00145990                __generic_gxx_active_p
                0x00145998                __generic_gxx_key_create
                0x001459a0                __generic_gxx_once
                0x001459a4                __generic_gxx_key_delete
                0x001459ac                __generic_gxx_getspecific
                0x001459b4                __generic_gxx_setspecific
                0x001459bc                __generic_gxx_recursive_mutex_init_function
                0x001459c0                __generic_gxx_mutex_init_function
                0x001459c4                __generic_gxx_recursive_mutex_destroy
                0x001459cc                __generic_gxx_recursive_mutex_unlock
                0x001459d0                __generic_gxx_recursive_mutex_trylock
                0x001459d4                __generic_gxx_recursive_mutex_lock
                0x001459d8                __generic_gxx_mutex_unlock
                0x001459dc                __generic_gxx_mutex_trylock
                0x001459e0                __generic_gxx_mutex_lock
                0x001459e4                __generic_gxx_mutex_destroy
 *(.plt)
 *(.gnu.warning)
 *(.glue_7t)
 .glue_7t       0x001459e8        0x0 linker stubs
 *(.glue_7)
 .glue_7        0x001459e8        0x0 linker stubs
 *(.vfp11_veneer)
 .vfp11_veneer  0x001459e8        0x0 linker stubs
 *(.ARM.extab* .gnu.linkonce.armextab.*)
 *(.gcc_except_table)

.v4_bx          0x001459e8        0x0
 .v4_bx         0x001459e8        0x0 linker stubs

.iplt           0x001459e8        0x0
 .iplt          0x001459e8        0x0 c:/intelfpga/18.1/embedded/host_tools/mentor/gnu/arm/baremetal/bin/../lib/gcc/arm-altera-eabi/6.2.0/crtbegin.o

.eh_frame_hdr
 *(.eh_frame_hdr)
 *(.eh_frame_entry .eh_frame_entry.*)

.eh_frame       0x001459e8        0x4
 *(.eh_frame)
 .eh_frame      0x001459e8        0x0 c:/intelfpga/18.1/embedded/host_tools/mentor/gnu/arm/baremetal/bin/../lib/gcc/arm-altera-eabi/6.2.0/crtbegin.o
 .eh_frame      0x001459e8        0x4 c:/intelfpga/18.1/embedded/host_tools/mentor/gnu/arm/baremetal/bin/../lib/gcc/arm-altera-eabi/6.2.0/crtend.o
 *(.eh_frame.*)
                [!provide]                PROVIDE (__exidx_start, .)

.ARM.exidx      0x001459ec        0x8
 *(.ARM.exidx* .gnu.linkonce.armexidx.*)
 .ARM.exidx     0x001459ec        0x8 c:/intelfpga/18.1/embedded/host_tools/mentor/gnu/arm/baremetal/bin/../lib/gcc/arm-altera-eabi/6.2.0\libgcc.a(_udivmoddi4.o)
                [!provide]                PROVIDE (__exidx_end, .)

.rel.dyn        0x001459f4        0x0
 .rel.iplt      0x001459f4        0x0 c:/intelfpga/18.1/embedded/host_tools/mentor/gnu/arm/baremetal/bin/../lib/gcc/arm-altera-eabi/6.2.0/crtbegin.o

.rodata         0x001459f8     0x50a8
 *(.rodata .rodata.* .gnu.linkonce.r.*)
 .rodata.main.str1.4
                0x001459f8       0x66 Main_mAbassi.o
 *fill*         0x00145a5e        0x2 
 .rodata        0x00145a60      0x18c MyApp_MTL2.o
 .rodata.ImageCreate.str1.4
                0x00145bec       0x25 MyApp_MTL2.o
 *fill*         0x00145c11        0x3 
 .rodata.ImageRead.str1.4
                0x00145c14      0x118 MyApp_MTL2.o
                                0x11c (size before relaxing)
 .rodata.Task_DMA.str1.4
                0x00145d2c       0xda MyApp_MTL2.o
 *fill*         0x00145e06        0x2 
 .rodata.Task_DisplayFile.str1.4
                0x00145e08      0x143 MyApp_MTL2.o
 *fill*         0x00145f4b        0x1 
 .rodata.Task_HPS_Led.str1.4
                0x00145f4c       0x69 MyApp_MTL2.o
 *fill*         0x00145fb5        0x3 
 .rodata.Task_MTL2.str1.4
                0x00145fb8       0x6b MyApp_MTL2.o
                                 0x6f (size before relaxing)
 *fill*         0x00146023        0x1 
 .rodata.Task_SPI.str1.4
                0x00146024       0x11 MyApp_MTL2.o
 *fill*         0x00146035        0x3 
 .rodata.Task_State.str1.4
                0x00146038       0x6f MyApp_MTL2.o
 *fill*         0x001460a7        0x1 
 .rodata.button_CallbackInterrupt.str1.4
                0x001460a8       0x22 MyApp_MTL2.o
 *fill*         0x001460ca        0x2 
 .rodata.cmd_ls.str1.4
                0x001460cc       0x94 MyApp_MTL2.o
 .rodata.delay_us.str1.4
                0x00146160       0x2d MyApp_MTL2.o
 *fill*         0x0014618d        0x3 
 .rodata.die.str1.4
                0x00146190        0x9 MyApp_MTL2.o
 *fill*         0x00146199        0x3 
 .rodata.spi_CallbackInterrupt.str1.4
                0x0014619c        0xf MyApp_MTL2.o
 *fill*         0x001461ab        0x1 
 .rodata.spi_Nios_CallbackInterrupt.str1.4
                0x001461ac       0x29 MyApp_MTL2.o
 .rodata.dma_init.str1.4
                0x001461d5       0x29 arm_pl330.o
                                  0x4 (size before relaxing)
 *fill*         0x001461d5        0x3 
 .rodata.g_DmaNames
                0x001461d8        0x5 arm_pl330.o
 *fill*         0x001461dd        0x3 
 .rodata.g_SemNames
                0x001461e0       0x38 arm_pl330.o
 .rodata.g_DMAchan
                0x00146218       0x20 dw_i2c.o
 .rodata.g_DevReMap
                0x00146238       0x10 dw_i2c.o
 .rodata.g_HWaddr
                0x00146248       0x10 dw_i2c.o
 .rodata.g_MuxIO
                0x00146258       0xc0 dw_i2c.o
 .rodata.g_Names
                0x00146318       0x40 dw_i2c.o
 .rodata.BSecho.7309
                0x00146358        0x2 dw_uart.o
 *fill*         0x0014635a        0x6 
 .rodata.g_DevReMap
                0x00146360        0x8 dw_uart.o
 .rodata.g_HWaddr
                0x00146368        0x8 dw_uart.o
 .rodata.g_Names
                0x00146370       0x40 dw_uart.o
 .rodata.MEDIAinfo.str1.4
                0x001463b0       0x10 MediaIF.o
 .rodata.MEDIAinit.str1.4
                0x001463c0       0x7b MediaIF.o
 *fill*         0x0014643b        0x1 
 .rodata.MEDIAread.str1.4
                0x0014643c       0x8b MediaIF.o
 *fill*         0x001464c7        0x1 
 .rodata.MEDIAwrite.str1.4
                0x001464c8       0x90 MediaIF.o
 .rodata.SDprepData.isra.1.constprop.6.str1.4
                0x00146558       0x9e dw_sdmmc.o
 *fill*         0x001465f6        0x2 
 .rodata.g_FreqBase
                0x001465f8       0x10 dw_sdmmc.o
 .rodata.g_Names
                0x00146608        0x8 dw_sdmmc.o
 .rodata.g_SpeedMult
                0x00146610       0x40 dw_sdmmc.o
 .rodata.mmc_init.str1.4
                0x00146650      0x53e dw_sdmmc.o
 *fill*         0x00146b8e        0x2 
 .rodata.mmc_sendcmd.constprop.3.str1.4
                0x00146b90       0x8f dw_sdmmc.o
 *fill*         0x00146c1f        0x1 
 .rodata.mmc_sendcmd.constprop.5.str1.4
                0x00146c20      0x159 dw_sdmmc.o
 *fill*         0x00146d79        0x3 
 .rodata.mmc_sendstatus.str1.4
                0x00146d7c       0x67 dw_sdmmc.o
 *fill*         0x00146de3        0x5 
 .rodata.ExCvt  0x00146de8       0x80 ff.o
 .rodata.LfnOfs
                0x00146e68        0xd ff.o
 *fill*         0x00146e75        0x3 
 .rodata.follow_path.str1.4
                0x00146e78       0x13 ff.o
 *fill*         0x00146e8b        0x5 
 .rodata.cvt1.7491
                0x00146e90      0x1f2 ffunicode.o
 *fill*         0x00147082        0x6 
 .rodata.cvt2.7492
                0x00147088       0xbc ffunicode.o
 *fill*         0x00147144        0x4 
 .rodata.uc437  0x00147148      0x100 ffunicode.o
 .rodata.g_Names
                0x00147248       0x10 Abassi_FatFS.o
 .rodata.disk_status.str1.4
                0x00147258       0x13 Media_FatFS.o
                                  0x6 (size before relaxing)
 .rodata.LogPath.str1.4
                0x00147258        0x4 SysCall_FatFS.o
                                  0x8 (size before relaxing)
 .rodata.RealPath.str1.4
                0x0014725c       0x15 SysCall_FatFS.o
 *fill*         0x00147271        0x3 
 .rodata.SysCallInit.str1.4
                0x00147274       0x27 SysCall_FatFS.o
 *fill*         0x0014729b        0x1 
 .rodata.fstatfs.str1.4
                0x0014729c       0x1e SysCall_FatFS.o
                                 0x25 (size before relaxing)
 *fill*         0x001472ba        0x2 
 .rodata.getcwd.str1.4
                0x001472bc        0x2 SysCall_FatFS.o
 *fill*         0x001472be        0x2 
 .rodata.OC_I2C_Read.str1.4
                0x001472c0       0x5f I2C_core.o
 *fill*         0x0014731f        0x1 
 .rodata.oc_i2c_init.str1.4
                0x00147320       0x34 I2C_core.o
 .rodata.G_ABORTstackSize
                0x00147354        0x4 mAbassiCfgA9.o
                0x00147354                G_ABORTstackSize
 .rodata.G_FIQstackSize
                0x00147358        0x4 mAbassiCfgA9.o
                0x00147358                G_FIQstackSize
 .rodata.G_IRQstackSize
                0x0014735c        0x4 mAbassiCfgA9.o
                0x0014735c                G_IRQstackSize
 .rodata.G_MMUnonCachedTbl
                0x00147360        0xc mAbassiCfgA9.o
                0x00147360                G_MMUnonCachedTbl
 *fill*         0x0014736c        0x4 
 .rodata.G_MMUnonCprivTbl
                0x00147370       0x10 mAbassiCfgA9.o
                0x00147370                G_MMUnonCprivTbl
 .rodata.G_MMUprivateTbl
                0x00147380       0x10 mAbassiCfgA9.o
                0x00147380                G_MMUprivateTbl
 .rodata.G_MMUsharedTbl
                0x00147390        0xc mAbassiCfgA9.o
                0x00147390                G_MMUsharedTbl
 .rodata.G_SUPERstackSize
                0x0014739c        0x4 mAbassiCfgA9.o
                0x0014739c                G_SUPERstackSize
 .rodata.G_UNDEFstackSize
                0x001473a0        0x4 mAbassiCfgA9.o
                0x001473a0                G_UNDEFstackSize
 .rodata.CmdEdit.str1.4
                0x001473a4      0x1a9 Shell.o
 *fill*         0x0014754d        0x3 
 .rodata.CmdEvt.str1.4
                0x00147550       0xf2 Shell.o
                                 0xf8 (size before relaxing)
 *fill*         0x00147642        0x2 
 .rodata.CmdGrp.str1.4
                0x00147644      0x38d Shell.o
                                0x391 (size before relaxing)
 *fill*         0x001479d1        0x3 
 .rodata.CmdHelp.str1.4
                0x001479d4      0x1ec Shell.o
 .rodata.CmdLog.str1.4
                0x00147bc0       0x36 Shell.o
 *fill*         0x00147bf6        0x2 
 .rodata.CmdMblk.str1.4
                0x00147bf8       0xc2 Shell.o
 *fill*         0x00147cba        0x2 
 .rodata.CmdMbx.str1.4
                0x00147cbc      0x50f Shell.o
                                0x514 (size before relaxing)
 *fill*         0x001481cb        0x1 
 .rodata.CmdMem.str1.4
                0x001481cc      0x188 Shell.o
 .rodata.CmdMtx.str1.4
                0x00148354      0x4e6 Shell.o
                                0x50a (size before relaxing)
 *fill*         0x0014883a        0x2 
 .rodata.CmdSem.str1.4
                0x0014883c      0x431 Shell.o
 *fill*         0x00148c6d        0x3 
 .rodata.CmdSys.str1.4
                0x00148c70      0x11c Shell.o
                                0x120 (size before relaxing)
 .rodata.CmdTask.str1.4
                0x00148d8c      0xc82 Shell.o
                                0xc9a (size before relaxing)
 *fill*         0x00149a0e        0x2 
 .rodata.CmdTim.str1.4
                0x00149a10      0x785 Shell.o
                                0x78d (size before relaxing)
 *fill*         0x0014a195        0x3 
 .rodata.CommandLst
                0x0014a198       0x70 Shell.o
 .rodata.OSshell.str1.4
                0x0014a208       0x55 Shell.o
 *fill*         0x0014a25d        0x3 
 .rodata.PrtResult.str1.4
                0x0014a260      0x1a9 Shell.o
                                0x1b1 (size before relaxing)
 *fill*         0x0014a409        0x7 
 .rodata.G_OSnoName
                0x0014a410        0x4 ../../mAbassi/Platform/lib\lib_mAbassi_EVAL_GCC_AR5_CY5.a(mAbassi_EVAL_A9_GCC_2_NR.o)
                0x0014a410                G_OSnoName
 *fill*         0x0014a414        0x4 
 .rodata.G_OSprivName
                0x0014a418        0x5 ../../mAbassi/Platform/lib\lib_mAbassi_EVAL_GCC_AR5_CY5.a(mAbassi_EVAL_A9_GCC_2_NR.o)
                0x0014a418                G_OSprivName
 *fill*         0x0014a41d        0x3 
 .rodata.OSstart.str1.4
                0x0014a420       0x14 ../../mAbassi/Platform/lib\lib_mAbassi_EVAL_GCC_AR5_CY5.a(mAbassi_EVAL_A9_GCC_2_NR.o)
 *fill*         0x0014a434        0x4 
 .rodata.g_OSMutexName
                0x0014a438        0x6 ../../mAbassi/Platform/lib\lib_mAbassi_EVAL_GCC_AR5_CY5.a(mAbassi_EVAL_A9_GCC_2_NR.o)
                0x0014a438                g_OSMutexName
 *fill*         0x0014a43e        0x2 
 .rodata        0x0014a440        0x4 c:/intelfpga/18.1/embedded/host_tools/mentor/gnu/arm/baremetal/bin/../lib/gcc/arm-altera-eabi/6.2.0/../../../../arm-altera-eabi/lib\libc.a(lib_a-impure.o)
                0x0014a440                _global_impure_ptr
 .rodata.str1.4
                0x0014a444        0xa c:/intelfpga/18.1/embedded/host_tools/mentor/gnu/arm/baremetal/bin/../lib/gcc/arm-altera-eabi/6.2.0/../../../../arm-altera-eabi/lib\libc.a(lib_a-locale.o)
                                 0x12 (size before relaxing)
 *fill*         0x0014a44e        0x2 
 .rodata        0x0014a450       0x60 c:/intelfpga/18.1/embedded/host_tools/mentor/gnu/arm/baremetal/bin/../lib/gcc/arm-altera-eabi/6.2.0/../../../../arm-altera-eabi/lib\libc.a(lib_a-mktime.o)
 .rodata        0x0014a4b0       0x60 c:/intelfpga/18.1/embedded/host_tools/mentor/gnu/arm/baremetal/bin/../lib/gcc/arm-altera-eabi/6.2.0/../../../../arm-altera-eabi/lib\libc.a(lib_a-month_lengths.o)
                0x0014a4b0                __month_lengths
 .rodata.str1.4
                0x0014a510        0xa c:/intelfpga/18.1/embedded/host_tools/mentor/gnu/arm/baremetal/bin/../lib/gcc/arm-altera-eabi/6.2.0/../../../../arm-altera-eabi/lib\libc.a(lib_a-puts.o)
                                  0x2 (size before relaxing)
 .rodata        0x0014a510       0x20 c:/intelfpga/18.1/embedded/host_tools/mentor/gnu/arm/baremetal/bin/../lib/gcc/arm-altera-eabi/6.2.0/../../../../arm-altera-eabi/lib\libc.a(lib_a-svfprintf.o)
 .rodata.str1.4
                0x0014a530       0x3f c:/intelfpga/18.1/embedded/host_tools/mentor/gnu/arm/baremetal/bin/../lib/gcc/arm-altera-eabi/6.2.0/../../../../arm-altera-eabi/lib\libc.a(lib_a-svfprintf.o)
                                 0x42 (size before relaxing)
 *fill*         0x0014a56f        0x1 
 .rodata.str1.4
                0x0014a570       0x53 c:/intelfpga/18.1/embedded/host_tools/mentor/gnu/arm/baremetal/bin/../lib/gcc/arm-altera-eabi/6.2.0/../../../../arm-altera-eabi/lib\libc.a(lib_a-tzset_r.o)
 .rodata.str1.4
                0x0014a5c3        0x4 c:/intelfpga/18.1/embedded/host_tools/mentor/gnu/arm/baremetal/bin/../lib/gcc/arm-altera-eabi/6.2.0/../../../../arm-altera-eabi/lib\libc.a(lib_a-tzvars.o)
 *fill*         0x0014a5c3        0x1 
 .rodata        0x0014a5c4       0x20 c:/intelfpga/18.1/embedded/host_tools/mentor/gnu/arm/baremetal/bin/../lib/gcc/arm-altera-eabi/6.2.0/../../../../arm-altera-eabi/lib\libc.a(lib_a-vfprintf.o)
 .rodata.str1.4
                0x0014a5e4       0x42 c:/intelfpga/18.1/embedded/host_tools/mentor/gnu/arm/baremetal/bin/../lib/gcc/arm-altera-eabi/6.2.0/../../../../arm-altera-eabi/lib\libc.a(lib_a-vfprintf.o)
 .rodata        0x0014a5e4       0x22 c:/intelfpga/18.1/embedded/host_tools/mentor/gnu/arm/baremetal/bin/../lib/gcc/arm-altera-eabi/6.2.0/../../../../arm-altera-eabi/lib\libc.a(lib_a-vfscanf.o)
 *fill*         0x0014a606        0x2 
 .rodata.str1.4
                0x0014a608        0x5 c:/intelfpga/18.1/embedded/host_tools/mentor/gnu/arm/baremetal/bin/../lib/gcc/arm-altera-eabi/6.2.0/../../../../arm-altera-eabi/lib\libc.a(lib_a-vfscanf.o)
 *fill*         0x0014a60d        0x3 
 .rodata        0x0014a610      0x101 c:/intelfpga/18.1/embedded/host_tools/mentor/gnu/arm/baremetal/bin/../lib/gcc/arm-altera-eabi/6.2.0/../../../../arm-altera-eabi/lib\libc.a(lib_a-ctype_.o)
                0x0014a610                _ctype_
 *fill*         0x0014a711        0x3 
 .rodata.str1.4
                0x0014a714       0x10 c:/intelfpga/18.1/embedded/host_tools/mentor/gnu/arm/baremetal/bin/../lib/gcc/arm-altera-eabi/6.2.0/../../../../arm-altera-eabi/lib\libc.a(lib_a-dtoa.o)
                                 0x12 (size before relaxing)
 .rodata.str1.4
                0x0014a724        0x1 c:/intelfpga/18.1/embedded/host_tools/mentor/gnu/arm/baremetal/bin/../lib/gcc/arm-altera-eabi/6.2.0/../../../../arm-altera-eabi/lib\libc.a(lib_a-mbrtowc.o)
 *fill*         0x0014a724        0x4 
 .rodata        0x0014a728      0x128 c:/intelfpga/18.1/embedded/host_tools/mentor/gnu/arm/baremetal/bin/../lib/gcc/arm-altera-eabi/6.2.0/../../../../arm-altera-eabi/lib\libc.a(lib_a-mprec.o)
                0x0014a738                __mprec_tens
                0x0014a800                __mprec_tinytens
                0x0014a828                __mprec_bigtens
 .rodata        0x0014a850       0x50 c:/intelfpga/18.1/embedded/host_tools/mentor/gnu/arm/baremetal/bin/../lib/gcc/arm-altera-eabi/6.2.0/../../../../arm-altera-eabi/lib\libc.a(lib_a-strtod.o)
 .rodata.str1.4
                0x0014a8a0        0xf c:/intelfpga/18.1/embedded/host_tools/mentor/gnu/arm/baremetal/bin/../lib/gcc/arm-altera-eabi/6.2.0/../../../../arm-altera-eabi/lib\libc.a(lib_a-strtod.o)
 *fill*         0x0014a8af        0x1 
 .rodata        0x0014a8b0       0x20 c:/intelfpga/18.1/embedded/host_tools/mentor/gnu/arm/baremetal/bin/../lib/gcc/arm-altera-eabi/6.2.0/../../../../arm-altera-eabi/lib\libc.a(lib_a-svfiprintf.o)
 .rodata.str1.4
                0x0014a8d0       0x2f c:/intelfpga/18.1/embedded/host_tools/mentor/gnu/arm/baremetal/bin/../lib/gcc/arm-altera-eabi/6.2.0/../../../../arm-altera-eabi/lib\libc.a(lib_a-svfiprintf.o)
 .rodata        0x0014a8d0       0x22 c:/intelfpga/18.1/embedded/host_tools/mentor/gnu/arm/baremetal/bin/../lib/gcc/arm-altera-eabi/6.2.0/../../../../arm-altera-eabi/lib\libc.a(lib_a-svfiscanf.o)
 *fill*         0x0014a8f2        0x2 
 .rodata        0x0014a8f4       0x20 c:/intelfpga/18.1/embedded/host_tools/mentor/gnu/arm/baremetal/bin/../lib/gcc/arm-altera-eabi/6.2.0/../../../../arm-altera-eabi/lib\libc.a(lib_a-vfiprintf.o)
 .rodata.str1.4
                0x0014a914       0x2f c:/intelfpga/18.1/embedded/host_tools/mentor/gnu/arm/baremetal/bin/../lib/gcc/arm-altera-eabi/6.2.0/../../../../arm-altera-eabi/lib\libc.a(lib_a-vfiprintf.o)
 .rodata        0x0014a914      0x100 c:/intelfpga/18.1/embedded/host_tools/mentor/gnu/arm/baremetal/bin/../lib/gcc/arm-altera-eabi/6.2.0/../../../../arm-altera-eabi/lib\libc.a(lib_a-gdtoa-gethex.o)
                0x0014a914                __hexdig
 .rodata.str1.4
                0x0014aa14        0x8 c:/intelfpga/18.1/embedded/host_tools/mentor/gnu/arm/baremetal/bin/../lib/gcc/arm-altera-eabi/6.2.0/../../../../arm-altera-eabi/lib\libm.a(lib_a-w_sqrt.o)
                                  0x5 (size before relaxing)
                0x0014aa1c                . = ALIGN (0x4)
 *(.init)
 .init          0x0014aa1c        0xc c:/intelfpga/18.1/embedded/host_tools/mentor/gnu/arm/baremetal/bin/../lib/gcc/arm-altera-eabi/6.2.0/crti.o
                0x0014aa1c                _init
 .init          0x0014aa28        0xc c:/intelfpga/18.1/embedded/host_tools/mentor/gnu/arm/baremetal/bin/../lib/gcc/arm-altera-eabi/6.2.0/crtn.o
                0x0014aa34                . = ALIGN (0x4)
                0x0014aa34                __preinit_array_start = .
 *(.preinit_array)
 .preinit_array
                0x0014aa34        0x4 c:/intelfpga/18.1/embedded/host_tools/mentor/gnu/arm/baremetal/bin/../lib/gcc/arm-altera-eabi/6.2.0/../../../../arm-altera-eabi/lib\libcs3.a(cycloneV-dk-reset-ram.o)
                0x0014aa38                __preinit_array_end = .
                0x0014aa38                . = ALIGN (0x4)
                0x0014aa38                __init_array_start = .
 *(SORT(.init_array.*))
 .init_array.00000
                0x0014aa38        0x8 c:/intelfpga/18.1/embedded/host_tools/mentor/gnu/arm/baremetal/bin/../lib/gcc/arm-altera-eabi/6.2.0/../../../../arm-altera-eabi/lib\libc.a(lib_a-findfp.o)
 .init_array.00000
                0x0014aa40        0x4 c:/intelfpga/18.1/embedded/host_tools/mentor/gnu/arm/baremetal/bin/../lib/gcc/arm-altera-eabi/6.2.0/../../../../arm-altera-eabi/lib\libc.a(lib_a-mlock.o)
 .init_array.00000
                0x0014aa44        0x4 c:/intelfpga/18.1/embedded/host_tools/mentor/gnu/arm/baremetal/bin/../lib/gcc/arm-altera-eabi/6.2.0/../../../../arm-altera-eabi/lib\libc.a(lib_a-tzlock.o)
 .init_array.00000
                0x0014aa48        0x4 c:/intelfpga/18.1/embedded/host_tools/mentor/gnu/arm/baremetal/bin/../lib/gcc/arm-altera-eabi/6.2.0/../../../../arm-altera-eabi/lib\libc.a(lib_a-__call_atexit.o)
 .init_array.00000
                0x0014aa4c        0x4 c:/intelfpga/18.1/embedded/host_tools/mentor/gnu/arm/baremetal/bin/../lib/gcc/arm-altera-eabi/6.2.0/../../../../arm-altera-eabi/lib\libc.a(lib_a-envlock.o)
 .init_array.00001
                0x0014aa50        0x4 c:/intelfpga/18.1/embedded/host_tools/mentor/gnu/arm/baremetal/bin/../lib/gcc/arm-altera-eabi/6.2.0/../../../../arm-altera-eabi/lib\libc.a(lib_a-__call_atexit.o)
 *(.init_array)
 .init_array    0x0014aa54        0x4 c:/intelfpga/18.1/embedded/host_tools/mentor/gnu/arm/baremetal/bin/../lib/gcc/arm-altera-eabi/6.2.0/crtbegin.o
                0x0014aa58                __init_array_end = .
                0x0014aa58                . = ALIGN (0x4)
 *(.fini)
 .fini          0x0014aa58        0xc c:/intelfpga/18.1/embedded/host_tools/mentor/gnu/arm/baremetal/bin/../lib/gcc/arm-altera-eabi/6.2.0/crti.o
                0x0014aa58                _fini
 .fini          0x0014aa64        0xc c:/intelfpga/18.1/embedded/host_tools/mentor/gnu/arm/baremetal/bin/../lib/gcc/arm-altera-eabi/6.2.0/crtn.o
                0x0014aa70                . = ALIGN (0x4)
                0x0014aa70                __fini_array_start = .
 *(.fini_array)
 .fini_array    0x0014aa70        0x4 c:/intelfpga/18.1/embedded/host_tools/mentor/gnu/arm/baremetal/bin/../lib/gcc/arm-altera-eabi/6.2.0/crtbegin.o
 *(SORT(.fini_array.*))
                0x0014aa74                __fini_array_end = .
                0x0014aa74                . = ALIGN (0x4)
 *crtbegin.o(.ctors)
 *(EXCLUDE_FILE(*crtend.o) .ctors)
 *(SORT(.ctors.*))
 *crtend.o(.ctors)
                0x0014aa74                . = ALIGN (0x4)
 *crtbegin.o(.dtors)
 *(EXCLUDE_FILE(*crtend.o) .dtors)
 *(SORT(.dtors.*))
 *crtend.o(.dtors)
                0x0014aa74                . = ALIGN (0x4)
                0x0014aa74                __cs3_regions = .
                0x0014aa74        0x4 LONG 0x0
                0x0014aa78        0x4 LONG 0xffff0000 __cs3_region_init_oc_ram
                0x0014aa7c        0x4 LONG 0xffff0000 __cs3_region_start_oc_ram
                0x0014aa80        0x4 LONG 0x0 __cs3_region_init_size_oc_ram
                0x0014aa84        0x4 LONG 0x0 __cs3_region_zero_size_oc_ram
                0x0014aa88        0x4 LONG 0x0
                0x0014aa8c        0x4 LONG 0x100040 __cs3_region_init_ram
                0x0014aa90        0x4 LONG 0x100040 __cs3_region_start_ram
                0x0014aa94        0x4 LONG 0x4b5b0 __cs3_region_init_size_ram
                0x0014aa98        0x4 LONG 0x3ca88 __cs3_region_zero_size_ram
                0x0014aa9c                __cs3_regions_end = .
                0x0014aaa0                . = ALIGN (0x8)
 *fill*         0x0014aa9c        0x4 
                0x0014aaa0                _etext = .
                0x00000001                ASSERT (! ((__cs3_region_init_oc_ram & 0x7)), __cs3_region_init_oc_ram not aligned)
                0x00000001                ASSERT (! ((__cs3_region_start_oc_ram & 0x7)), __cs3_region_start_oc_ram not aligned)
                0x00000001                ASSERT (! ((__cs3_region_init_size_oc_ram & 0x7)), __cs3_region_init_size_oc_ram not aligned)
                0x00000001                ASSERT (! ((__cs3_region_zero_size_oc_ram & 0x7)), __cs3_region_zero_size_oc_ram not aligned)
                0x00000001                ASSERT (! ((__cs3_region_init_ram & 0x7)), __cs3_region_init_ram not aligned)
                0x00000001                ASSERT (! ((__cs3_region_start_ram & 0x7)), __cs3_region_start_ram not aligned)
                0x00000001                ASSERT (! ((__cs3_region_init_size_ram & 0x7)), __cs3_region_init_size_ram not aligned)
                0x00000001                ASSERT (! ((__cs3_region_zero_size_ram & 0x7)), __cs3_region_zero_size_ram not aligned)

.cs3.boot_rom   0xfffd0000        0x0
                0xfffd0000                __cs3_region_start_boot_rom = .
 *(.cs3.region-head.boot_rom)